 robotjs

 Timestamp is 5ded0246 (Sun Dec  8 22:01:42 2019)

 Preferred load address is 0000000180000000

 Start         Length     Name                   Class
 0001:00000000 0001a0f0H .text$mn                CODE
 0001:0001a0f0 00000020H .text$mn$00             CODE
 0001:0001a110 000002e0H .text$x                 CODE
 0002:00000000 000002e8H .idata$5                DATA
 0002:000002e8 00000010H .00cfg                  DATA
 0002:000002f8 00000008H .CRT$XCA                DATA
 0002:00000300 00000008H .CRT$XCU                DATA
 0002:00000308 00000008H .CRT$XCZ                DATA
 0002:00000310 00000008H .CRT$XIA                DATA
 0002:00000318 00000020H .CRT$XIC                DATA
 0002:00000338 00000008H .CRT$XIZ                DATA
 0002:00000340 00000008H .CRT$XPA                DATA
 0002:00000348 00000010H .CRT$XPX                DATA
 0002:00000358 00000008H .CRT$XPXA               DATA
 0002:00000360 00000008H .CRT$XPZ                DATA
 0002:00000368 00000008H .CRT$XTA                DATA
 0002:00000370 00000010H .CRT$XTZ                DATA
 0002:00000378 00000000H .gfids$y                DATA
 0002:00000380 00008f30H .rdata                  DATA
 0002:000092b0 00000000H .rdata$r                DATA
 0002:000092b0 00000388H .rdata$zzzdbg           DATA
 0002:00009638 00000008H .rtc$IAA                DATA
 0002:00009640 00000008H .rtc$IZZ                DATA
 0002:00009648 00000008H .rtc$TAA                DATA
 0002:00009650 00000008H .rtc$TZZ                DATA
 0002:00009658 000013e8H .xdata                  DATA
 0002:0000aa40 00000000H .xdata$x                DATA
 0002:0000aa40 00000020H .didat$2                DATA
 0002:0000aa60 00000020H .didat$3                DATA
 0002:0000aa80 00000158H .didat$4                DATA
 0002:0000abd8 00000a98H .didat$6                DATA
 0002:0000b670 00000160H .didat$7                DATA
 0002:0000b7d0 00000054H .edata                  DATA
 0002:0000b824 0000003cH .idata$2                DATA
 0002:0000b860 00000018H .idata$3                DATA
 0002:0000b878 000002e8H .idata$4                DATA
 0002:0000bb60 0000067aH .idata$6                DATA
 0003:00000000 00000f50H .data                   DATA
 0003:00000f50 00000000H .data$r                 DATA
 0003:00000f50 00000160H .didat$5                DATA
 0003:000010b0 00001230H .bss                    DATA
 0004:00000000 00001578H .pdata                  DATA
 0005:00000000 00000094H _RDATA                  DATA
 0006:00000000 00000060H .rsrc$01                DATA
 0006:00000060 00000180H .rsrc$02                DATA

  Address         Publics by Value              Rva+Base               Lib:Object

 0000:00000000       __hybrid_code_map_count    0000000000000000     <absolute>
 0000:00000000       __hybrid_code_map          0000000000000000     <absolute>
 0000:00000000       __guard_iat_count          0000000000000000     <absolute>
 0000:00000000       __guard_longjmp_count      0000000000000000     <absolute>
 0000:00000000       __guard_longjmp_table      0000000000000000     <absolute>
 0000:00000000       __volatile_metadata        0000000000000000     <absolute>
 0000:00000000       __guard_iat_table          0000000000000000     <absolute>
 0000:00000000       __guard_fids_count         0000000000000000     <absolute>
 0000:00000000       ___safe_se_handler_count   0000000000000000     <absolute>
 0000:00000000       __enclave_config           0000000000000000     <absolute>
 0000:00000000       __AbsoluteZero             0000000000000000     <absolute>
 0000:00000000       ___safe_se_handler_table   0000000000000000     <absolute>
 0000:00000000       __guard_fids_table         0000000000000000     <absolute>
 0000:00000000       __dynamic_value_reloc_table 0000000000000000     <absolute>
 0000:00000000       __hybrid_auxiliary_iat     0000000000000000     <absolute>
 0000:00000100       __guard_flags              0000000000000100     <absolute>
 0000:00000000       __ImageBase                0000000180000000     <linker-defined>
 0001:000000e0       ??0Utf8String@Nan@@QEAA@V?$Local@VValue@v8@@@v8@@@Z 00000001800010e0 f i robotjs.obj
 0001:000001f0       ?dragMouse@@YAXAEBV?$FunctionCallbackInfo@VValue@v8@@@Nan@@@Z 00000001800011f0 f   robotjs.obj
 0001:000005b0       ?moveMouse@@YAXAEBV?$FunctionCallbackInfo@VValue@v8@@@Nan@@@Z 00000001800015b0 f   robotjs.obj
 0001:000007c0       ?moveMouseSmooth@@YAXAEBV?$FunctionCallbackInfo@VValue@v8@@@Nan@@@Z 00000001800017c0 f   robotjs.obj
 0001:00000970       ?getMousePos@@YAXAEBV?$FunctionCallbackInfo@VValue@v8@@@Nan@@@Z 0000000180001970 f   robotjs.obj
 0001:00000c00       ?mouseClick@@YAXAEBV?$FunctionCallbackInfo@VValue@v8@@@Nan@@@Z 0000000180001c00 f   robotjs.obj
 0001:00000fd0       ?mouseToggle@@YAXAEBV?$FunctionCallbackInfo@VValue@v8@@@Nan@@@Z 0000000180001fd0 f   robotjs.obj
 0001:000013e0       ?setMouseDelay@@YAXAEBV?$FunctionCallbackInfo@VValue@v8@@@Nan@@@Z 00000001800023e0 f   robotjs.obj
 0001:00001550       ?scrollMouse@@YAXAEBV?$FunctionCallbackInfo@VValue@v8@@@Nan@@@Z 0000000180002550 f   robotjs.obj
 0001:00001730       ?GetFlagsFromString@@YAHV?$Local@VValue@v8@@@v8@@PEAI@Z 0000000180002730 f   robotjs.obj
 0001:00001880       ?keyTap@@YAXAEBV?$FunctionCallbackInfo@VValue@v8@@@Nan@@@Z 0000000180002880 f   robotjs.obj
 0001:00001bf0       ?keyToggle@@YAXAEBV?$FunctionCallbackInfo@VValue@v8@@@Nan@@@Z 0000000180002bf0 f   robotjs.obj
 0001:00002100       ?typeString@@YAXAEBV?$FunctionCallbackInfo@VValue@v8@@@Nan@@@Z 0000000180003100 f   robotjs.obj
 0001:00002220       ?typeStringDelayed@@YAXAEBV?$FunctionCallbackInfo@VValue@v8@@@Nan@@@Z 0000000180003220 f   robotjs.obj
 0001:00002370       ?setKeyboardDelay@@YAXAEBV?$FunctionCallbackInfo@VValue@v8@@@Nan@@@Z 0000000180003370 f   robotjs.obj
 0001:000024e0       ?getPixelColor@@YAXAEBV?$FunctionCallbackInfo@VValue@v8@@@Nan@@@Z 00000001800034e0 f   robotjs.obj
 0001:000027a0       ?getScreenSize@@YAXAEBV?$FunctionCallbackInfo@VValue@v8@@@Nan@@@Z 00000001800037a0 f   robotjs.obj
 0001:000029e0       ?getXDisplayName@@YAXAEBV?$FunctionCallbackInfo@VValue@v8@@@Nan@@@Z 00000001800039e0 f   robotjs.obj
 0001:00002a70       ?setXDisplayName@@YAXAEBV?$FunctionCallbackInfo@VValue@v8@@@Nan@@@Z 0000000180003a70 f   robotjs.obj
 0001:00002b00       ?captureScreen@@YAXAEBV?$FunctionCallbackInfo@VValue@v8@@@Nan@@@Z 0000000180003b00 f   robotjs.obj
 0001:00003100       ?buildBMP@@YA?AVBMP@@V?$Local@VObject@v8@@@v8@@@Z 0000000180004100 f   robotjs.obj
 0001:00003390       ?getColor@@YAXAEBV?$FunctionCallbackInfo@VValue@v8@@@Nan@@@Z 0000000180004390 f   robotjs.obj
 0001:00003660       ?InitAll@@YAXV?$Local@VObject@v8@@@v8@@@Z 0000000180004660 f   robotjs.obj
 0001:00004810       ??$New@VFunctionTemplate@v8@@@Nan@@YA?AV?$Local@VFunctionTemplate@v8@@@v8@@P6AXAEBV?$FunctionCallbackInfo@VValue@v8@@@0@@ZV?$Local@VValue@v8@@@2@@Z 0000000180005810 f i robotjs.obj
 0001:000049d0       smoothlyMoveMouse          00000001800059d0 f   mouse.obj
 0001:00004e20       win32KeyEvent              0000000180005e20 f   keypress.obj
 0001:00004f40       toggleKeyCode              0000000180005f40 f   keypress.obj
 0001:000051b0       typeString                 00000001800061b0 f   keypress.obj
 0001:00005350       typeStringDelayed          0000000180006350 f   keypress.obj
 0001:00005500       copyMMBitmapFromDisplayInRect 0000000180006500 f   screengrab.obj
 0001:000056e0       __local_stdio_printf_options 00000001800066e0 f i snprintf.obj
 0001:000056f0       sprintf                    00000001800066f0 f i snprintf.obj
 0001:00005750       portable_snprintf          0000000180006750 f   snprintf.obj
 0001:00005770       portable_vsnprintf         0000000180006770 f   snprintf.obj
 0001:00006110       destroyMMBitmapBuffer      0000000180007110 f   MMBitmap.obj
 0001:00006154       __imp_load_?Value@External@v8@@QEBAPEAXXZ 0000000180007154 f   node:node.exe
 0001:00006160       __tailMerge_node_exe       0000000180007160     node:node.exe
 0001:000061d9       __imp_load_?New@External@v8@@SA?AV?$Local@VExternal@v8@@@2@PEAVIsolate@2@PEAX@Z 00000001800071d9 f   node:node.exe
 0001:000061e5       __imp_load_?New@Integer@v8@@SA?AV?$Local@VInteger@v8@@@2@PEAVIsolate@2@H@Z 00000001800071e5 f   node:node.exe
 0001:000061f1       __imp_load_?ThrowException@Isolate@v8@@QEAA?AV?$Local@VValue@v8@@@2@V32@@Z 00000001800071f1 f   node:node.exe
 0001:000061fd       __imp_load_?GetCurrentContext@Isolate@v8@@QEAA?AV?$Local@VContext@v8@@@2@XZ 00000001800071fd f   node:node.exe
 0001:00006209       __imp_load_?GetCurrent@Isolate@v8@@SAPEAV12@XZ 0000000180007209 f   node:node.exe
 0001:00006215       __imp_load_?CreateHandle@HandleScope@v8@@KAPEAPEAVObject@internal@2@PEAVIsolate@42@PEAV342@@Z 0000000180007215 f   node:node.exe
 0001:00006221       __imp_load_?CreateHandle@HandleScope@v8@@CAPEAPEAVObject@internal@2@PEAVNeverReadOnlySpaceObject@42@PEAV342@@Z 0000000180007221 f   node:node.exe
 0001:0000622d       __imp_load_??1HandleScope@v8@@QEAA@XZ 000000018000722d f   node:node.exe
 0001:00006239       __imp_load_??0HandleScope@v8@@QEAA@PEAVIsolate@1@@Z 0000000180007239 f   node:node.exe
 0001:00006245       __imp_load_?Error@Exception@v8@@SA?AV?$Local@VValue@v8@@@2@V?$Local@VString@v8@@@2@@Z 0000000180007245 f   node:node.exe
 0001:00006251       __imp_load_?Length@Array@v8@@QEBAIXZ 0000000180007251 f   node:node.exe
 0001:0000625d       __imp_load_?GetFunction@FunctionTemplate@v8@@QEAA?AV?$MaybeLocal@VFunction@v8@@@2@V?$Local@VContext@v8@@@2@@Z 000000018000725d f   node:node.exe
 0001:00006269       __imp_load_?New@FunctionTemplate@v8@@SA?AV?$Local@VFunctionTemplate@v8@@@2@PEAVIsolate@2@P6AXAEBV?$FunctionCallbackInfo@VValue@v8@@@2@@ZV?$Local@VValue@v8@@@2@V?$Local@VSignature@v8@@@2@HW4ConstructorBehavior@2@W4SideEffectType@2@@Z 0000000180007269 f   node:node.exe
 0001:00006275       __imp_load_?ToLocalEmpty@V8@v8@@CAXXZ 0000000180007275 f   node:node.exe
 0001:00006281       __imp_load_?Int32Value@Value@v8@@QEBAHXZ 0000000180007281 f   node:node.exe
 0001:0000628d       __imp_load_?Uint32Value@Value@v8@@QEBAIXZ 000000018000728d f   node:node.exe
 0001:00006299       __imp_load_?BooleanValue@Value@v8@@QEBA_NXZ 0000000180007299 f   node:node.exe
 0001:000062a5       __imp_load_?ToInt32@Value@v8@@QEBA?AV?$MaybeLocal@VInt32@v8@@@2@V?$Local@VContext@v8@@@2@@Z 00000001800072a5 f   node:node.exe
 0001:000062b1       __imp_load_?ToObject@Value@v8@@QEBA?AV?$MaybeLocal@VObject@v8@@@2@V?$Local@VContext@v8@@@2@@Z 00000001800072b1 f   node:node.exe
 0001:000062bd       __imp_load_?IsArray@Value@v8@@QEBA_NXZ 00000001800072bd f   node:node.exe
 0001:000062c9       __imp_load_?Escape@EscapableHandleScope@v8@@AEAAPEAPEAVObject@internal@2@PEAPEAV342@@Z 00000001800072c9 f   node:node.exe
 0001:000062d5       __imp_load_??0EscapableHandleScope@v8@@QEAA@PEAVIsolate@1@@Z 00000001800072d5 f   node:node.exe
 0001:000062e1       __imp_load_??1Utf8Value@String@v8@@QEAA@XZ 00000001800072e1 f   node:node.exe
 0001:000062ed       __imp_load_??0Utf8Value@String@v8@@QEAA@V?$Local@VValue@v8@@@2@@Z 00000001800072ed f   node:node.exe
 0001:000062f9       __imp_load_?NewFromUtf8@String@v8@@SA?AV?$MaybeLocal@VString@v8@@@2@PEAVIsolate@2@PEBDW4NewStringType@2@H@Z 00000001800072f9 f   node:node.exe
 0001:00006305       __imp_load_?WriteUtf8@String@v8@@QEBAHPEADHPEAHH@Z 0000000180007305 f   node:node.exe
 0001:00006311       __imp_load_?Length@String@v8@@QEBAHXZ 0000000180007311 f   node:node.exe
 0001:0000631d       __imp_load_?New@Number@v8@@SA?AV?$Local@VNumber@v8@@@2@PEAVIsolate@2@N@Z 000000018000731d f   node:node.exe
 0001:00006329       __imp_load_?SlowGetInternalField@Object@v8@@AEAA?AV?$Local@VValue@v8@@@2@H@Z 0000000180007329 f   node:node.exe
 0001:00006335       __imp_load_?New@Object@v8@@SA?AV?$Local@VObject@v8@@@2@PEAVIsolate@2@@Z 0000000180007335 f   node:node.exe
 0001:00006341       __imp_load_?SetInternalField@Object@v8@@QEAAXHV?$Local@VValue@v8@@@2@@Z 0000000180007341 f   node:node.exe
 0001:0000634d       __imp_load_?Get@Object@v8@@QEAA?AV?$Local@VValue@v8@@@2@V32@@Z 000000018000734d f   node:node.exe
 0001:00006359       __imp_load_?Get@Object@v8@@QEAA?AV?$Local@VValue@v8@@@2@I@Z 0000000180007359 f   node:node.exe
 0001:00006365       __imp_load_?Set@Object@v8@@QEAA?AV?$Maybe@_N@2@V?$Local@VContext@v8@@@2@V?$Local@VValue@v8@@@2@1@Z 0000000180007365 f   node:node.exe
 0001:00006371       __imp_load_?SetInternalFieldCount@ObjectTemplate@v8@@QEAAXH@Z 0000000180007371 f   node:node.exe
 0001:0000637d       __imp_load_?NewInstance@ObjectTemplate@v8@@QEAA?AV?$MaybeLocal@VObject@v8@@@2@V?$Local@VContext@v8@@@2@@Z 000000018000737d f   node:node.exe
 0001:00006389       __imp_load_?New@ObjectTemplate@v8@@SA?AV?$Local@VObjectTemplate@v8@@@2@PEAVIsolate@2@V?$Local@VFunctionTemplate@v8@@@2@@Z 0000000180007389 f   node:node.exe
 0001:00006395       __imp_load_node_module_register 0000000180007395 f   node:node.exe
 0001:000063a1       __imp_load_?New@Buffer@node@@YA?AV?$MaybeLocal@VObject@v8@@@v8@@PEAVIsolate@4@PEAD_KP6AX1PEAX@Z3@Z 00000001800073a1 f   node:node.exe
 0001:000063ad       __imp_load_?Data@Buffer@node@@YAPEADV?$Local@VValue@v8@@@v8@@@Z 00000001800073ad f   node:node.exe
 0001:000063b9       __imp_load_?ToString@Value@v8@@QEBA?AV?$Local@VString@v8@@@2@XZ 00000001800073b9 f   node:node.exe
 0001:000063e0       __security_check_cookie    00000001800073e0 f   LIBCMT:amdsecgs.obj
 0001:00006404       __raise_securityfailure    0000000180007404 f   LIBCMT:gs_report.obj
 0001:00006438       __report_gsfailure         0000000180007438 f   LIBCMT:gs_report.obj
 0001:0000650c       __report_rangecheckfailure 000000018000750c f   LIBCMT:gs_report.obj
 0001:00006520       __report_securityfailure   0000000180007520 f   LIBCMT:gs_report.obj
 0001:000069c0       _DllMainCRTStartup         00000001800079c0 f   LIBCMT:dll_dllmain.obj
 0001:00006a00       __security_init_cookie     0000000180007a00 f   LIBCMT:gs_support.obj
 0001:00006aac       DllMain                    0000000180007aac f   LIBCMT:dll_dllmain_stub.obj
 0001:00006aac       _get_startup_argv_mode     0000000180007aac f   LIBCMT:argv_mode.obj
 0001:00006ab4       ?__scrt_initialize_type_info@@YAXXZ 0000000180007ab4 f   LIBCMT:tncleanup.obj
 0001:00006ac4       ?__scrt_uninitialize_type_info@@YAXXZ 0000000180007ac4 f   LIBCMT:tncleanup.obj
 0001:00006ad0       __local_stdio_scanf_options 0000000180007ad0 f i LIBCMT:default_local_stdio_options.obj
 0001:00006ad8       __scrt_initialize_default_local_stdio_options 0000000180007ad8 f   LIBCMT:default_local_stdio_options.obj
 0001:00006af4       __scrt_acquire_startup_lock 0000000180007af4 f   LIBCMT:utility.obj
 0001:00006b30       __scrt_dllmain_after_initialize_c 0000000180007b30 f   LIBCMT:utility.obj
 0001:00006b64       __scrt_dllmain_before_initialize_c 0000000180007b64 f   LIBCMT:utility.obj
 0001:00006b7c       __scrt_dllmain_crt_thread_attach 0000000180007b7c f   LIBCMT:utility.obj
 0001:00006ba4       __scrt_dllmain_crt_thread_detach 0000000180007ba4 f   LIBCMT:utility.obj
 0001:00006bbc       __scrt_dllmain_exception_filter 0000000180007bbc f   LIBCMT:utility.obj
 0001:00006c1c       __scrt_dllmain_uninitialize_c 0000000180007c1c f   LIBCMT:utility.obj
 0001:00006c4c       __scrt_dllmain_uninitialize_critical 0000000180007c4c f   LIBCMT:utility.obj
 0001:00006c60       __scrt_initialize_crt      0000000180007c60 f   LIBCMT:utility.obj
 0001:00006cac       __scrt_initialize_onexit_tables 0000000180007cac f   LIBCMT:utility.obj
 0001:00006d38       __scrt_is_nonwritable_in_current_image 0000000180007d38 f   LIBCMT:utility.obj
 0001:00006dd0       __scrt_release_startup_lock 0000000180007dd0 f   LIBCMT:utility.obj
 0001:00006df4       __scrt_uninitialize_crt    0000000180007df4 f   LIBCMT:utility.obj
 0001:00006e20       __scrt_get_dyn_tls_init_callback 0000000180007e20 f   LIBCMT:dyn_tls_init.obj
 0001:00006e28       __crt_debugger_hook        0000000180007e28 f   LIBCMT:utility_desktop.obj
 0001:00006e30       __scrt_fastfail            0000000180007e30 f   LIBCMT:utility_desktop.obj
 0001:00006f7c       _RTC_Initialize            0000000180007f7c f   LIBCMT:initsect.obj
 0001:00006fb8       _RTC_Terminate             0000000180007fb8 f   LIBCMT:initsect.obj
 0001:00006ff4       _guard_check_icall_nop     0000000180007ff4 f i LIBCMT:guard_support.obj
 0001:00006ff8       __isa_available_init       0000000180007ff8 f   LIBCMT:cpu_disp.obj
 0001:0000719c       __scrt_is_ucrt_dll_in_use  000000018000819c f   LIBCMT:ucrt_detection.obj
 0001:000071b0       strchr                     00000001800081b0 f   libvcruntime:strchr.obj
 0001:00007230       __C_specific_handler       0000000180008230 f   libvcruntime:riscchandler.obj
 0001:0000743c       __std_type_info_destroy_list 000000018000843c f   libvcruntime:std_type_info.obj
 0001:00007468       __vcrt_initialize          0000000180008468 f   libvcruntime:initialization.obj
 0001:00007490       __vcrt_thread_attach       0000000180008490 f   libvcruntime:initialization.obj
 0001:000074a4       __vcrt_thread_detach       00000001800084a4 f   libvcruntime:initialization.obj
 0001:000074b8       __vcrt_uninitialize        00000001800084b8 f   libvcruntime:initialization.obj
 0001:000074d4       __vcrt_uninitialize_critical 00000001800084d4 f   libvcruntime:initialization.obj
 0001:000074e4       __DestructExceptionObject  00000001800084e4 f   libvcruntime:ehhelpers.obj
 0001:00007554       ?_CallMemberFunction0@@YAXQEAX0@Z 0000000180008554 f i libvcruntime:ehhelpers.obj
 0001:00007570       memset_repmovs             0000000180008570 f   libvcruntime:memset.obj
 0001:00007590       memset                     0000000180008590 f   libvcruntime:memset.obj
 0001:00007730       _NLG_Notify                0000000180008730 f   libvcruntime:notify.obj
 0001:00007750       __NLG_Dispatch2            0000000180008750 f   libvcruntime:notify.obj
 0001:00007760       __NLG_Return2              0000000180008760 f   libvcruntime:notify.obj
 0001:00007764       __except_validate_context_record 0000000180008764 f   libvcruntime:jbcxrval.obj
 0001:0000779c       __vcrt_freefls             000000018000879c f   libvcruntime:per_thread_data.obj
 0001:000077bc       __vcrt_freeptd             00000001800087bc f   libvcruntime:per_thread_data.obj
 0001:0000780c       __vcrt_getptd              000000018000880c f   libvcruntime:per_thread_data.obj
 0001:00007828       __vcrt_getptd_noexit       0000000180008828 f   libvcruntime:per_thread_data.obj
 0001:000078e8       __vcrt_initialize_ptd      00000001800088e8 f   libvcruntime:per_thread_data.obj
 0001:00007930       __vcrt_uninitialize_ptd    0000000180008930 f   libvcruntime:per_thread_data.obj
 0001:00007954       __vcrt_initialize_locks    0000000180008954 f   libvcruntime:locks.obj
 0001:00007988       __vcrt_uninitialize_locks  0000000180008988 f   libvcruntime:locks.obj
 0001:000079d0       memcpy_repmovs             00000001800089d0 f   libvcruntime:memcpy.obj
 0001:000079f0       memcpy                     00000001800089f0 f   libvcruntime:memcpy.obj
 0001:000079f0       memmove                    00000001800089f0 f   libvcruntime:memcpy.obj
 0001:00007f24       __vcrt_FlsAlloc            0000000180008f24 f   libvcruntime:winapi_downlevel.obj
 0001:00007f6c       __vcrt_FlsFree             0000000180008f6c f   libvcruntime:winapi_downlevel.obj
 0001:00007fb4       __vcrt_FlsGetValue         0000000180008fb4 f   libvcruntime:winapi_downlevel.obj
 0001:00007ffc       __vcrt_FlsSetValue         0000000180008ffc f   libvcruntime:winapi_downlevel.obj
 0001:00008050       __vcrt_InitializeCriticalSectionEx 0000000180009050 f   libvcruntime:winapi_downlevel.obj
 0001:000080d0       _CallSettingFrame          00000001800090d0 f   libvcruntime:handlers.obj
 0001:00008120       _CallSettingFrame_LookupContinuationIndex 0000000180009120 f   libvcruntime:handlers.obj
 0001:00008150       _CallSettingFrame_NotifyContinuationAddr 0000000180009150 f   libvcruntime:handlers.obj
 0001:00008180       _CallSettingFrameEncoded   0000000180009180 f   libvcruntime:handlers.obj
 0001:000081c8       free                       00000001800091c8 f   libucrt:free.obj
 0001:000088f4       ??$ftprintf@PEAU_iobuf@@PEB_WAEBQEB_WAEBQEB_WAEBI@?$__crt_char_traits@_W@@SAH$$QEAPEAU_iobuf@@$$QEAPEB_WAEBQEB_W2AEBI@Z 00000001800098f4 f i libucrt:assert.obj
 0001:0000891c       _wassert                   000000018000991c f   libucrt:assert.obj
 0001:00008990       fwprintf                   0000000180009990 f i libucrt:assert.obj
 0001:000089d4       swprintf                   00000001800099d4 f i libucrt:assert.obj
 0001:00008a28       malloc                     0000000180009a28 f   libucrt:malloc.obj
 0001:00008a30       __acrt_initialize_clock    0000000180009a30 f   libucrt:clock.obj
 0001:00008a84       ??0_LocaleUpdate@@QEAA@QEAU__crt_locale_pointers@@@Z 0000000180009a84 f i libucrt:_ctype.obj
 0001:00008b20       _ischartype_l              0000000180009b20 f i libucrt:_ctype.obj
 0001:00008b98       isupper                    0000000180009b98 f i libucrt:_ctype.obj
 0001:00008fe4       ??$ensure_buffer_is_big_enough@D@formatting_buffer@__crt_stdio_output@@QEAA_N_K@Z 0000000180009fe4 f i libucrt:output.obj
 0001:0000908c       ??$ensure_buffer_is_big_enough@_W@formatting_buffer@__crt_stdio_output@@QEAA_N_K@Z 000000018000a08c f i libucrt:output.obj
 0001:00009138       ??$is_wide_character_specifier@_W@__crt_stdio_output@@YA_N_K_WW4length_modifier@0@@Z 000000018000a138 f i libucrt:output.obj
 0001:00009178       ??$type_case_integer_parse_into_buffer@I@?$output_processor@DV?$string_output_adapter@D@__crt_stdio_output@@V?$standard_base@DV?$string_output_adapter@D@__crt_stdio_output@@@2@@__crt_stdio_output@@AEAAXII_N@Z 000000018000a178 f i libucrt:output.obj
 0001:00009200       ??$type_case_integer_parse_into_buffer@I@?$output_processor@_WV?$string_output_adapter@_W@__crt_stdio_output@@V?$standard_base@_WV?$string_output_adapter@_W@__crt_stdio_output@@@2@@__crt_stdio_output@@AEAAXII_N@Z 000000018000a200 f i libucrt:output.obj
 0001:00009200       ??$type_case_integer_parse_into_buffer@I@?$output_processor@_WV?$stream_output_adapter@_W@__crt_stdio_output@@V?$standard_base@_WV?$stream_output_adapter@_W@__crt_stdio_output@@@2@@__crt_stdio_output@@AEAAXII_N@Z 000000018000a200 f i libucrt:output.obj
 0001:000092a4       ??$type_case_integer_parse_into_buffer@_K@?$output_processor@DV?$string_output_adapter@D@__crt_stdio_output@@V?$standard_base@DV?$string_output_adapter@D@__crt_stdio_output@@@2@@__crt_stdio_output@@AEAAX_KI_N@Z 000000018000a2a4 f i libucrt:output.obj
 0001:00009334       ??$type_case_integer_parse_into_buffer@_K@?$output_processor@_WV?$string_output_adapter@_W@__crt_stdio_output@@V?$standard_base@_WV?$string_output_adapter@_W@__crt_stdio_output@@@2@@__crt_stdio_output@@AEAAX_KI_N@Z 000000018000a334 f i libucrt:output.obj
 0001:00009334       ??$type_case_integer_parse_into_buffer@_K@?$output_processor@_WV?$stream_output_adapter@_W@__crt_stdio_output@@V?$standard_base@_WV?$stream_output_adapter@_W@__crt_stdio_output@@@2@@__crt_stdio_output@@AEAAX_KI_N@Z 000000018000a334 f i libucrt:output.obj
 0001:000093d8       ??$write_multiple_characters@V?$stream_output_adapter@_W@__crt_stdio_output@@D@__crt_stdio_output@@YAXAEBV?$stream_output_adapter@_W@0@DHQEAH@Z 000000018000a3d8 f i libucrt:output.obj
 0001:0000946c       ??$write_multiple_characters@V?$string_output_adapter@D@__crt_stdio_output@@D@__crt_stdio_output@@YAXAEBV?$string_output_adapter@D@0@DHQEAH@Z 000000018000a46c f i libucrt:output.obj
 0001:000094e4       ??$write_multiple_characters@V?$string_output_adapter@_W@__crt_stdio_output@@D@__crt_stdio_output@@YAXAEBV?$string_output_adapter@_W@0@DHQEAH@Z 000000018000a4e4 f i libucrt:output.obj
 0001:00009694       ?crop_zeroes@__crt_stdio_output@@YAXPEADQEAU__crt_locale_pointers@@@Z 000000018000a694 f i libucrt:output.obj
 0001:00009700       ?parse_int_from_format_string@?$output_processor@DV?$string_output_adapter@D@__crt_stdio_output@@V?$standard_base@DV?$string_output_adapter@D@__crt_stdio_output@@@2@@__crt_stdio_output@@AEAA_NQEAH@Z 000000018000a700 f i libucrt:output.obj
 0001:000097a4       ?parse_int_from_format_string@?$output_processor@_WV?$stream_output_adapter@_W@__crt_stdio_output@@V?$standard_base@_WV?$stream_output_adapter@_W@__crt_stdio_output@@@2@@__crt_stdio_output@@AEAA_NQEAH@Z 000000018000a7a4 f i libucrt:output.obj
 0001:000097a4       ?parse_int_from_format_string@?$output_processor@_WV?$string_output_adapter@_W@__crt_stdio_output@@V?$standard_base@_WV?$string_output_adapter@_W@__crt_stdio_output@@@2@@__crt_stdio_output@@AEAA_NQEAH@Z 000000018000a7a4 f i libucrt:output.obj
 0001:00009848       ?process@?$output_processor@DV?$string_output_adapter@D@__crt_stdio_output@@V?$standard_base@DV?$string_output_adapter@D@__crt_stdio_output@@@2@@__crt_stdio_output@@QEAAHXZ 000000018000a848 f i libucrt:output.obj
 0001:00009a54       ?process@?$output_processor@_WV?$stream_output_adapter@_W@__crt_stdio_output@@V?$standard_base@_WV?$stream_output_adapter@_W@__crt_stdio_output@@@2@@__crt_stdio_output@@QEAAHXZ 000000018000aa54 f i libucrt:output.obj
 0001:00009cc0       ?process@?$output_processor@_WV?$string_output_adapter@_W@__crt_stdio_output@@V?$standard_base@_WV?$string_output_adapter@_W@__crt_stdio_output@@@2@@__crt_stdio_output@@QEAAHXZ 000000018000acc0 f i libucrt:output.obj
 0001:00009f3c       ?state_case_normal@?$output_processor@DV?$string_output_adapter@D@__crt_stdio_output@@V?$standard_base@DV?$string_output_adapter@D@__crt_stdio_output@@@2@@__crt_stdio_output@@AEAA_NXZ 000000018000af3c f i libucrt:output.obj
 0001:00009fb0       ?state_case_normal_tchar@?$output_processor@DV?$string_output_adapter@D@__crt_stdio_output@@V?$standard_base@DV?$string_output_adapter@D@__crt_stdio_output@@@2@@__crt_stdio_output@@AEAA_ND@Z 000000018000afb0 f i libucrt:output.obj
 0001:0000a058       ?state_case_size@?$output_processor@DV?$string_output_adapter@D@__crt_stdio_output@@V?$standard_base@DV?$string_output_adapter@D@__crt_stdio_output@@@2@@__crt_stdio_output@@AEAA_NXZ 000000018000b058 f i libucrt:output.obj
 0001:0000a1cc       ?state_case_size@?$output_processor@_WV?$stream_output_adapter@_W@__crt_stdio_output@@V?$standard_base@_WV?$stream_output_adapter@_W@__crt_stdio_output@@@2@@__crt_stdio_output@@AEAA_NXZ 000000018000b1cc f i libucrt:output.obj
 0001:0000a364       ?state_case_size@?$output_processor@_WV?$string_output_adapter@_W@__crt_stdio_output@@V?$standard_base@_WV?$string_output_adapter@_W@__crt_stdio_output@@@2@@__crt_stdio_output@@AEAA_NXZ 000000018000b364 f i libucrt:output.obj
 0001:0000a4fc       ?state_case_type@?$output_processor@DV?$string_output_adapter@D@__crt_stdio_output@@V?$standard_base@DV?$string_output_adapter@D@__crt_stdio_output@@@2@@__crt_stdio_output@@AEAA_NXZ 000000018000b4fc f i libucrt:output.obj
 0001:0000a764       ?state_case_type@?$output_processor@_WV?$stream_output_adapter@_W@__crt_stdio_output@@V?$standard_base@_WV?$stream_output_adapter@_W@__crt_stdio_output@@@2@@__crt_stdio_output@@AEAA_NXZ 000000018000b764 f i libucrt:output.obj
 0001:0000aa44       ?state_case_type@?$output_processor@_WV?$string_output_adapter@_W@__crt_stdio_output@@V?$standard_base@_WV?$string_output_adapter@_W@__crt_stdio_output@@@2@@__crt_stdio_output@@AEAA_NXZ 000000018000ba44 f i libucrt:output.obj
 0001:0000ad10       ?type_case_Z@?$output_processor@DV?$string_output_adapter@D@__crt_stdio_output@@V?$standard_base@DV?$string_output_adapter@D@__crt_stdio_output@@@2@@__crt_stdio_output@@AEAA_NXZ 000000018000bd10 f i libucrt:output.obj
 0001:0000ad84       ?type_case_Z@?$output_processor@_WV?$stream_output_adapter@_W@__crt_stdio_output@@V?$standard_base@_WV?$stream_output_adapter@_W@__crt_stdio_output@@@2@@__crt_stdio_output@@AEAA_NXZ 000000018000bd84 f i libucrt:output.obj
 0001:0000ad84       ?type_case_Z@?$output_processor@_WV?$string_output_adapter@_W@__crt_stdio_output@@V?$standard_base@_WV?$string_output_adapter@_W@__crt_stdio_output@@@2@@__crt_stdio_output@@AEAA_NXZ 000000018000bd84 f i libucrt:output.obj
 0001:0000ae00       ?type_case_a@?$output_processor@DV?$string_output_adapter@D@__crt_stdio_output@@V?$standard_base@DV?$string_output_adapter@D@__crt_stdio_output@@@2@@__crt_stdio_output@@AEAA_NXZ 000000018000be00 f i libucrt:output.obj
 0001:0000b018       ?type_case_a@?$output_processor@_WV?$string_output_adapter@_W@__crt_stdio_output@@V?$standard_base@_WV?$string_output_adapter@_W@__crt_stdio_output@@@2@@__crt_stdio_output@@AEAA_NXZ 000000018000c018 f i libucrt:output.obj
 0001:0000b018       ?type_case_a@?$output_processor@_WV?$stream_output_adapter@_W@__crt_stdio_output@@V?$standard_base@_WV?$stream_output_adapter@_W@__crt_stdio_output@@@2@@__crt_stdio_output@@AEAA_NXZ 000000018000c018 f i libucrt:output.obj
 0001:0000b254       ?type_case_c_tchar@?$output_processor@DV?$string_output_adapter@D@__crt_stdio_output@@V?$standard_base@DV?$string_output_adapter@D@__crt_stdio_output@@@2@@__crt_stdio_output@@AEAA_ND@Z 000000018000c254 f i libucrt:output.obj
 0001:0000b310       ?type_case_c_tchar@?$output_processor@_WV?$string_output_adapter@_W@__crt_stdio_output@@V?$standard_base@_WV?$string_output_adapter@_W@__crt_stdio_output@@@2@@__crt_stdio_output@@AEAA_N_W@Z 000000018000c310 f i libucrt:output.obj
 0001:0000b310       ?type_case_c_tchar@?$output_processor@_WV?$stream_output_adapter@_W@__crt_stdio_output@@V?$standard_base@_WV?$stream_output_adapter@_W@__crt_stdio_output@@@2@@__crt_stdio_output@@AEAA_N_W@Z 000000018000c310 f i libucrt:output.obj
 0001:0000b3b8       ?type_case_integer@?$output_processor@DV?$string_output_adapter@D@__crt_stdio_output@@V?$standard_base@DV?$string_output_adapter@D@__crt_stdio_output@@@2@@__crt_stdio_output@@AEAA_NI_N@Z 000000018000c3b8 f i libucrt:output.obj
 0001:0000b580       ?type_case_integer@?$output_processor@_WV?$stream_output_adapter@_W@__crt_stdio_output@@V?$standard_base@_WV?$stream_output_adapter@_W@__crt_stdio_output@@@2@@__crt_stdio_output@@AEAA_NI_N@Z 000000018000c580 f i libucrt:output.obj
 0001:0000b580       ?type_case_integer@?$output_processor@_WV?$string_output_adapter@_W@__crt_stdio_output@@V?$standard_base@_WV?$string_output_adapter@_W@__crt_stdio_output@@@2@@__crt_stdio_output@@AEAA_NI_N@Z 000000018000c580 f i libucrt:output.obj
 0001:0000b74c       ?type_case_n@?$output_processor@DV?$string_output_adapter@D@__crt_stdio_output@@V?$standard_base@DV?$string_output_adapter@D@__crt_stdio_output@@@2@@__crt_stdio_output@@AEAA_NXZ 000000018000c74c f i libucrt:output.obj
 0001:0000b74c       ?type_case_n@?$output_processor@_WV?$stream_output_adapter@_W@__crt_stdio_output@@V?$standard_base@_WV?$stream_output_adapter@_W@__crt_stdio_output@@@2@@__crt_stdio_output@@AEAA_NXZ 000000018000c74c f i libucrt:output.obj
 0001:0000b74c       ?type_case_n@?$output_processor@_WV?$string_output_adapter@_W@__crt_stdio_output@@V?$standard_base@_WV?$string_output_adapter@_W@__crt_stdio_output@@@2@@__crt_stdio_output@@AEAA_NXZ 000000018000c74c f i libucrt:output.obj
 0001:0000b828       ?type_case_s@?$output_processor@DV?$string_output_adapter@D@__crt_stdio_output@@V?$standard_base@DV?$string_output_adapter@D@__crt_stdio_output@@@2@@__crt_stdio_output@@AEAA_NXZ 000000018000c828 f i libucrt:output.obj
 0001:0000b8c0       ?type_case_s@?$output_processor@_WV?$string_output_adapter@_W@__crt_stdio_output@@V?$standard_base@_WV?$string_output_adapter@_W@__crt_stdio_output@@@2@@__crt_stdio_output@@AEAA_NXZ 000000018000c8c0 f i libucrt:output.obj
 0001:0000b8c0       ?type_case_s@?$output_processor@_WV?$stream_output_adapter@_W@__crt_stdio_output@@V?$standard_base@_WV?$stream_output_adapter@_W@__crt_stdio_output@@@2@@__crt_stdio_output@@AEAA_NXZ 000000018000c8c0 f i libucrt:output.obj
 0001:0000b988       ?write_stored_string_tchar@?$output_processor@DV?$string_output_adapter@D@__crt_stdio_output@@V?$standard_base@DV?$string_output_adapter@D@__crt_stdio_output@@@2@@__crt_stdio_output@@AEAA_ND@Z 000000018000c988 f i libucrt:output.obj
 0001:0000ba60       ?write_stored_string_tchar@?$output_processor@_WV?$stream_output_adapter@_W@__crt_stdio_output@@V?$standard_base@_WV?$stream_output_adapter@_W@__crt_stdio_output@@@2@@__crt_stdio_output@@AEAA_N_W@Z 000000018000ca60 f i libucrt:output.obj
 0001:0000bb68       ?write_stored_string_tchar@?$output_processor@_WV?$string_output_adapter@_W@__crt_stdio_output@@V?$standard_base@_WV?$string_output_adapter@_W@__crt_stdio_output@@@2@@__crt_stdio_output@@AEAA_N_W@Z 000000018000cb68 f i libucrt:output.obj
 0001:0000bc54       ?write_string@?$string_output_adapter@D@__crt_stdio_output@@QEBAXQEBDHQEAHAEAV__crt_deferred_errno_cache@@@Z 000000018000cc54 f i libucrt:output.obj
 0001:0000bcf8       ?write_string@?$string_output_adapter@_W@__crt_stdio_output@@QEBAXQEB_WHQEAHAEAV__crt_deferred_errno_cache@@@Z 000000018000ccf8 f i libucrt:output.obj
 0001:0000bda0       ?write_string_impl@?$output_adapter_common@_WV?$stream_output_adapter@_W@__crt_stdio_output@@@__crt_stdio_output@@IEBAXQEB_WHQEAHAEAV__crt_deferred_errno_cache@@@Z 000000018000cda0 f i libucrt:output.obj
 0001:0000bea4       __stdio_common_vfwprintf   000000018000cea4 f   libucrt:output.obj
 0001:0000bf30       __stdio_common_vsprintf    000000018000cf30 f   libucrt:output.obj
 0001:0000bf38       __stdio_common_vswprintf   000000018000cf38 f   libucrt:output.obj
 0001:0000bf40       __ascii_stricmp            000000018000cf40 f   libucrt:stricmp.obj
 0001:0000bf7c       _stricmp                   000000018000cf7c f   libucrt:stricmp.obj
 0001:0000bfc4       _stricmp_l                 000000018000cfc4 f   libucrt:stricmp.obj
 0001:0000c04c       _initterm                  000000018000d04c f   libucrt:initterm.obj
 0001:0000c0b0       _initterm_e                000000018000d0b0 f   libucrt:initterm.obj
 0001:0000c0f0       _seh_filter_dll            000000018000d0f0 f   libucrt:exception_filter.obj
 0001:0000c104       _seh_filter_exe            000000018000d104 f   libucrt:exception_filter.obj
 0001:0000c4f4       __acrt_initialize_thread_local_exit_callback 000000018000d4f4 f   libucrt:exit.obj
 0001:0000c4fc       _cexit                     000000018000d4fc f   libucrt:exit.obj
 0001:0000c50c       _exit                      000000018000d50c f   libucrt:exit.obj
 0001:0000c518       _is_c_termination_complete 000000018000d518 f   libucrt:exit.obj
 0001:0000c6e4       __acrt_allocate_buffer_for_argv 000000018000d6e4 f   libucrt:argv_parsing.obj
 0001:0000c744       _configure_narrow_argv     000000018000d744 f   libucrt:argv_parsing.obj
 0001:0000cabc       __dcrt_uninitialize_environments_nolock 000000018000dabc f   libucrt:environment_initialization.obj
 0001:0000caf4       _initialize_narrow_environment 000000018000daf4 f   libucrt:environment_initialization.obj
 0001:0000cc50       _execute_onexit_table      000000018000dc50 f   libucrt:onexit.obj
 0001:0000cc8c       _initialize_onexit_table   000000018000dc8c f   libucrt:onexit.obj
 0001:0000ccec       __acrt_uninitialize_command_line 000000018000dcec f   libucrt:argv_data.obj
 0001:0000cde4       __acrt_initialize          000000018000dde4 f   libucrt:initialization.obj
 0001:0000cdf8       __acrt_thread_attach       000000018000ddf8 f   libucrt:initialization.obj
 0001:0000ce0c       __acrt_thread_detach       000000018000de0c f   libucrt:initialization.obj
 0001:0000ce1c       __acrt_uninitialize        000000018000de1c f   libucrt:initialization.obj
 0001:0000ce54       __acrt_uninitialize_critical 000000018000de54 f   libucrt:initialization.obj
 0001:0000ce64       terminate                  000000018000de64 f   libucrt:terminate.obj
 0001:0000ce84       strcpy_s                   000000018000de84 f   libucrt:strcpy_s.obj
 0001:0000cee4       abort                      000000018000dee4 f   libucrt:abort.obj
 0001:0000cf3c       ??$parse_integer@KV?$c_string_character_source@D@__crt_strtox@@@__crt_strtox@@YAKQEAU__crt_locale_pointers@@V?$c_string_character_source@D@0@H_N@Z 000000018000df3c f i libucrt:atox.obj
 0001:0000d244       ??$parse_integer@KV?$c_string_character_source@_W@__crt_strtox@@@__crt_strtox@@YAKQEAU__crt_locale_pointers@@V?$c_string_character_source@_W@0@H_N@Z 000000018000e244 f i libucrt:atox.obj
 0001:0000d900       strncmp                    000000018000e900 f   libucrt:strncmp.obj
 0001:0000d980       calloc                     000000018000e980 f   libucrt:calloc.obj
 0001:0000d988       wcsncmp                    000000018000e988 f   libucrt:wcsncmp.obj
 0001:0000d9b4       _free_base                 000000018000e9b4 f   libucrt:free_base.obj
 0001:0000d9f4       __acrt_call_reportfault    000000018000e9f4 f   libucrt:invalid_parameter.obj
 0001:0000db50       __acrt_initialize_invalid_parameter_handler 000000018000eb50 f   libucrt:invalid_parameter.obj
 0001:0000db58       _invalid_parameter         000000018000eb58 f   libucrt:invalid_parameter.obj
 0001:0000dc08       _invalid_parameter_noinfo  000000018000ec08 f   libucrt:invalid_parameter.obj
 0001:0000dc28       _invoke_watson             000000018000ec28 f   libucrt:invalid_parameter.obj
 0001:0000dc70       _query_app_type            000000018000ec70 f   libucrt:report_runtime_error.obj
 0001:0000dc78       __acrt_errno_from_os_error 000000018000ec78 f   libucrt:errno.obj
 0001:0000dcc0       __acrt_errno_map_os_error  000000018000ecc0 f   libucrt:errno.obj
 0001:0000dd10       __doserrno                 000000018000ed10 f   libucrt:errno.obj
 0001:0000dd30       _errno                     000000018000ed30 f   libucrt:errno.obj
 0001:0000de90       _itow_s                    000000018000ee90 f   libucrt:xtoa.obj
 0001:0000deb0       _set_error_mode            000000018000eeb0 f   libucrt:set_error_mode.obj
 0001:0000def0       wcscat_s                   000000018000eef0 f   libucrt:wcscat_s.obj
 0001:0000df70       wcscpy_s                   000000018000ef70 f   libucrt:wcscpy_s.obj
 0001:0000dfd8       wcsncat_s                  000000018000efd8 f   libucrt:wcsncat_s.obj
 0001:0000e0d8       ??$__acrt_wcs_to_mbs_cp@U__crt_win32_buffer_no_resizing@@@@YAHQEB_WAEAV?$__crt_win32_buffer@DU__crt_win32_buffer_no_resizing@@@@I@Z 000000018000f0d8 f i libucrt:getmodulefilenamea.obj
 0001:0000e1ec       __acrt_GetModuleFileNameA  000000018000f1ec f   libucrt:getmodulefilenamea.obj
 0001:0000e30c       __acrt_show_wide_message_box 000000018000f30c f   libucrt:crtmbox.obj
 0001:0000e3b0       __acrt_initialize_stdio    000000018000f3b0 f   libucrt:_file.obj
 0001:0000e4d0       __acrt_iob_func            000000018000f4d0 f   libucrt:_file.obj
 0001:0000e4e4       __acrt_uninitialize_stdio  000000018000f4e4 f   libucrt:_file.obj
 0001:0000e540       _lock_file                 000000018000f540 f   libucrt:_file.obj
 0001:0000e54c       _unlock_file               000000018000f54c f   libucrt:_file.obj
 0001:0000e774       __acrt_stdio_flush_nolock  000000018000f774 f   libucrt:fflush.obj
 0001:0000e7f0       _fflush_nolock             000000018000f7f0 f   libucrt:fflush.obj
 0001:0000e83c       _flushall                  000000018000f83c f   libucrt:fflush.obj
 0001:0000e844       fflush                     000000018000f844 f   libucrt:fflush.obj
 0001:0000e9cc       setvbuf                    000000018000f9cc f   libucrt:setvbuf.obj
 0001:0000eab0       __acrt_get_sigabrt_handler 000000018000fab0 f   libucrt:signal.obj
 0001:0000eae0       __acrt_initialize_signal_handlers 000000018000fae0 f   libucrt:signal.obj
 0001:0000eb00       raise                      000000018000fb00 f   libucrt:signal.obj
 0001:0000ed6c       _malloc_base               000000018000fd6c f   libucrt:malloc_base.obj
 0001:0000efa4       __acrt_AppPolicyGetProcessTerminationMethodInternal 000000018000ffa4 f   libucrt:winapi_thunks.obj
 0001:0000eff4       __acrt_AppPolicyGetShowDeveloperDiagnosticInternal 000000018000fff4 f   libucrt:winapi_thunks.obj
 0001:0000f044       __acrt_AppPolicyGetWindowingModelInternal 0000000180010044 f   libucrt:winapi_thunks.obj
 0001:0000f094       __acrt_AreFileApisANSI     0000000180010094 f   libucrt:winapi_thunks.obj
 0001:0000f0d0       __acrt_FlsAlloc            00000001800100d0 f   libucrt:winapi_thunks.obj
 0001:0000f118       __acrt_FlsFree             0000000180010118 f   libucrt:winapi_thunks.obj
 0001:0000f160       __acrt_FlsGetValue         0000000180010160 f   libucrt:winapi_thunks.obj
 0001:0000f1a8       __acrt_FlsSetValue         00000001800101a8 f   libucrt:winapi_thunks.obj
 0001:0000f1fc       __acrt_InitializeCriticalSectionEx 00000001800101fc f   libucrt:winapi_thunks.obj
 0001:0000f260       __acrt_LCMapStringEx       0000000180010260 f   libucrt:winapi_thunks.obj
 0001:0000f33c       __acrt_LocaleNameToLCID    000000018001033c f   libucrt:winapi_thunks.obj
 0001:0000f38c       __acrt_MessageBoxW         000000018001038c f   libucrt:winapi_thunks.obj
 0001:0000f400       __acrt_can_show_message_box 0000000180010400 f   libucrt:winapi_thunks.obj
 0001:0000f470       __acrt_get_parent_window   0000000180010470 f   libucrt:winapi_thunks.obj
 0001:0000f4e8       __acrt_initialize_winapi_thunks 00000001800104e8 f   libucrt:winapi_thunks.obj
 0001:0000f51c       __acrt_is_interactive      000000018001051c f   libucrt:winapi_thunks.obj
 0001:0000f5e4       __acrt_uninitialize_winapi_thunks 00000001800105e4 f   libucrt:winapi_thunks.obj
 0001:0000f628       __pctype_func              0000000180010628 f   libucrt:ctype.obj
 0001:0000f658       _isctype_l                 0000000180010658 f   libucrt:isctype.obj
 0001:0000fad8       __acrt_freeptd             0000000180010ad8 f   libucrt:per_thread_data.obj
 0001:0000fb1c       __acrt_getptd              0000000180010b1c f   libucrt:per_thread_data.obj
 0001:0000fbf0       __acrt_getptd_head         0000000180010bf0 f   libucrt:per_thread_data.obj
 0001:0000fc98       __acrt_getptd_noexit       0000000180010c98 f   libucrt:per_thread_data.obj
 0001:0000fd64       __acrt_initialize_ptd      0000000180010d64 f   libucrt:per_thread_data.obj
 0001:0000fda0       __acrt_uninitialize_ptd    0000000180010da0 f   libucrt:per_thread_data.obj
 0001:0000fdc4       __acrt_update_locale_info  0000000180010dc4 f   libucrt:locale_update.obj
 0001:0000fdf8       __acrt_update_multibyte_info 0000000180010df8 f   libucrt:locale_update.obj
 0001:0000fe9c       __acrt_set_locale_changed  0000000180010e9c f   libucrt:wsetlocale.obj
 0001:0000fea8       __acrt_uninitialize_locale 0000000180010ea8 f   libucrt:wsetlocale.obj
 0001:0000fed8       strtol                     0000000180010ed8 f   libucrt:strtox.obj
 0001:0000ff04       wcstol                     0000000180010f04 f   libucrt:strtox.obj
 0001:0000ff30       _mbtowc_l                  0000000180010f30 f   libucrt:mbtowc.obj
 0001:000100b0       mbtowc                     00000001800110b0 f   libucrt:mbtowc.obj
 0001:000100b8       _wctomb_s_l                00000001800110b8 f   libucrt:wctomb.obj
 0001:00010254       wctomb_s                   0000000180011254 f   libucrt:wctomb.obj
 0001:00010268       strnlen                    0000000180011268 f   libucrt:strnlen.obj
 0001:000103b8       wcsnlen                    00000001800113b8 f   libucrt:strnlen.obj
 0001:00010e28       __acrt_fp_format           0000000180011e28 f   libucrt:cvt.obj
 0001:0001112c       _fputwc_nolock             000000018001212c f   libucrt:fputwc.obj
 0001:000112a8       _fileno                    00000001800122a8 f   libucrt:fileno.obj
 0001:000112d0       _fputc_nolock              00000001800122d0 f   libucrt:fputc.obj
 0001:000112e8       _get_printf_count_output   00000001800122e8 f   libucrt:printf_count_output.obj
 0001:00011300       __acrt_stdio_begin_temporary_buffering_nolock 0000000180012300 f   libucrt:_sftbuf.obj
 0001:000113d0       __acrt_stdio_end_temporary_buffering_nolock 00000001800123d0 f   libucrt:_sftbuf.obj
 0001:00011608       __acrt_initialize_lowio    0000000180012608 f   libucrt:ioinit.obj
 0001:00011644       __acrt_uninitialize_lowio  0000000180012644 f   libucrt:ioinit.obj
 0001:00011684       __acrt_initialize_locks    0000000180012684 f   libucrt:locks.obj
 0001:000116cc       __acrt_lock                00000001800126cc f   libucrt:locks.obj
 0001:000116e8       __acrt_uninitialize_locks  00000001800126e8 f   libucrt:locks.obj
 0001:00011720       __acrt_unlock              0000000180012720 f   libucrt:locks.obj
 0001:0001173c       __acrt_get_developer_information_policy 000000018001273c f   libucrt:win_policies.obj
 0001:00011790       __acrt_get_process_end_policy 0000000180012790 f   libucrt:win_policies.obj
 0001:000117cc       __acrt_get_windowing_model_policy 00000001800127cc f   libucrt:win_policies.obj
 0001:00011838       _calloc_base               0000000180012838 f   libucrt:calloc_base.obj
 0001:000118c4       ??$__acrt_mbs_to_wcs_cp@U__crt_win32_buffer_internal_dynamic_resizing@@@@YAHQEBDAEAV?$__crt_win32_buffer@_WU__crt_win32_buffer_internal_dynamic_resizing@@@@I@Z 00000001800128c4 f i libucrt:argv_wildcards.obj
 0001:00011a3c       ??$__acrt_wcs_to_mbs_cp@U__crt_win32_buffer_internal_dynamic_resizing@@@@YAHQEB_WAEAV?$__crt_win32_buffer@DU__crt_win32_buffer_internal_dynamic_resizing@@@@I@Z 0000000180012a3c f i libucrt:argv_wildcards.obj
 0001:0001226c       __acrt_expand_narrow_argv_wildcards 000000018001326c f   libucrt:argv_wildcards.obj
 0001:000129a0       __acrt_initialize_multibyte 00000001800139a0 f   libucrt:mbctype.obj
 0001:00012a00       __acrt_update_thread_multibyte_data 0000000180013a00 f   libucrt:mbctype.obj
 0001:00012a1c       _setmbcp_nolock            0000000180013a1c f   libucrt:mbctype.obj
 0001:00012d50       _ismbblead                 0000000180013d50 f   libucrt:ismbbyte.obj
 0001:00012d64       __acrt_initialize_command_line 0000000180013d64 f   libucrt:argv_data.obj
 0001:00012d8c       __acrt_MultiByteToWideChar 0000000180013d8c f   libucrt:multibytetowidechar.obj
 0001:00012de8       __acrt_WideCharToMultiByte 0000000180013de8 f   libucrt:widechartomultibyte.obj
 0001:00012e80       __dcrt_get_narrow_environment_from_os 0000000180013e80 f   libucrt:get_environment_from_os.obj
 0001:00012f84       _recalloc_base             0000000180013f84 f   libucrt:recalloc.obj
 0001:0001301c       __acrt_initialize_heap     000000018001401c f   libucrt:heap_handle.obj
 0001:00013038       __acrt_uninitialize_heap   0000000180014038 f   libucrt:heap_handle.obj
 0001:00013044       __acrt_execute_initializers 0000000180014044 f   libucrt:shared_initialization.obj
 0001:000130c4       __acrt_execute_uninitializers 00000001800140c4 f   libucrt:shared_initialization.obj
 0001:00013100       __acrt_initialize_new_handler 0000000180014100 f   libucrt:new_handler.obj
 0001:00013108       _callnewh                  0000000180014108 f   libucrt:new_handler.obj
 0001:00013138       _query_new_handler         0000000180014138 f   libucrt:new_handler.obj
 0001:0001316c       __acrt_has_user_matherr    000000018001416c f   libucrt:matherr.obj
 0001:0001318c       __acrt_initialize_user_matherr 000000018001418c f   libucrt:matherr.obj
 0001:00013194       __acrt_invoke_user_matherr 0000000180014194 f   libucrt:matherr.obj
 0001:000131c4       iswctype                   00000001800141c4 f   libucrt:iswctype.obj
 0001:00013234       _fcloseall                 0000000180014234 f   libucrt:closeall.obj
 0001:000132e8       __acrt_stdio_free_buffer_nolock 00000001800142e8 f   libucrt:_freebuf.obj
 0001:000133b4       _commit                    00000001800143b4 f   libucrt:commit.obj
 0001:00013ca8       _write                     0000000180014ca8 f   libucrt:write.obj
 0001:00013d94       _write_nolock              0000000180014d94 f   libucrt:write.obj
 0001:00014070       _query_new_mode            0000000180015070 f   libucrt:new_mode.obj
 0001:00014078       __acrt_DownlevelLocaleNameToLCID 0000000180015078 f   libucrt:lcidtoname_downlevel.obj
 0001:00014128       __acrt_GetStringTypeA      0000000180015128 f   libucrt:getstringtypea.obj
 0001:000142b8       __acrt_add_locale_ref      00000001800152b8 f   libucrt:locale_refcounting.obj
 0001:00014344       __acrt_free_locale         0000000180015344 f   libucrt:locale_refcounting.obj
 0001:000144bc       __acrt_locale_add_lc_time_reference 00000001800154bc f   libucrt:locale_refcounting.obj
 0001:000144e4       __acrt_locale_free_lc_time_if_unreferenced 00000001800154e4 f   libucrt:locale_refcounting.obj
 0001:0001451c       __acrt_locale_release_lc_time_reference 000000018001551c f   libucrt:locale_refcounting.obj
 0001:00014544       __acrt_release_locale_ref  0000000180015544 f   libucrt:locale_refcounting.obj
 0001:000145ec       __acrt_update_thread_locale_data 00000001800155ec f   libucrt:locale_refcounting.obj
 0001:00014658       _updatetlocinfoEx_nolock   0000000180015658 f   libucrt:locale_refcounting.obj
 0001:000146c0       __acrt_locale_free_monetary 00000001800156c0 f   libucrt:initmon.obj
 0001:000147cc       __acrt_locale_free_numeric 00000001800157cc f   libucrt:initnum.obj
 0001:00014890       __acrt_locale_free_time    0000000180015890 f   libucrt:inittime.obj
 0001:00014998       _isleadbyte_l              0000000180015998 f i libucrt:_wctype.obj
 0001:000149e4       ?__mbrtowc_utf8@__crt_mbstring@@YA_KPEA_WPEBD_KPEAU_Mbstatet@@@Z 00000001800159e4 f   libucrt:mbrtowc.obj
 0001:00014a20       ?__mbsrtowcs_utf8@__crt_mbstring@@YA_KPEA_WPEAPEBD_KPEAU_Mbstatet@@@Z 0000000180015a20 f   libucrt:mbrtowc.obj
 0001:00014b98       ?__c32rtomb_utf8@__crt_mbstring@@YA_KPEAD_UPEAU_Mbstatet@@@Z 0000000180015b98 f   libucrt:c32rtomb.obj
 0001:00014c4c       __acrt_fp_strflt_to_string 0000000180015c4c f   libucrt:_fptostr.obj
 0001:00014d30       ?divide@__crt_strtox@@YA_KAEAUbig_integer@1@AEBU21@@Z 0000000180015d30 f i libucrt:cfout.obj
 0001:0001515c       __acrt_fltout              000000018001615c f   libucrt:cfout.obj
 0001:00016660       __acrt_stdio_flush_and_write_narrow_nolock 0000000180017660 f   libucrt:_flsbuf.obj
 0001:0001674c       __acrt_stdio_flush_and_write_wide_nolock 000000018001774c f   libucrt:_flsbuf.obj
 0001:00016838       _isatty                    0000000180017838 f   libucrt:isatty.obj
 0001:00016898       __acrt_lowio_create_handle_array 0000000180017898 f   libucrt:osfinfo.obj
 0001:00016940       __acrt_lowio_destroy_handle_array 0000000180017940 f   libucrt:osfinfo.obj
 0001:00016990       __acrt_lowio_ensure_fh_exists 0000000180017990 f   libucrt:osfinfo.obj
 0001:00016a38       __acrt_lowio_lock_fh       0000000180017a38 f   libucrt:osfinfo.obj
 0001:00016a60       __acrt_lowio_unlock_fh     0000000180017a60 f   libucrt:osfinfo.obj
 0001:00016a88       _free_osfhnd               0000000180017a88 f   libucrt:osfinfo.obj
 0001:00016b44       _get_osfhandle             0000000180017b44 f   libucrt:osfinfo.obj
 0001:00016bc0       qsort                      0000000180017bc0 f   libucrt:qsort.obj
 0001:00016f70       strncpy_s                  0000000180017f70 f   libucrt:strncpy_s.obj
 0001:000170f0       strpbrk                    00000001800180f0 f   libucrt:strpbrk.obj
 0001:000174d0       _mbsdec                    00000001800184d0 f   libucrt:mbsdec.obj
 0001:000174d8       _mbsdec_l                  00000001800184d8 f   libucrt:mbsdec.obj
 0001:00017884       __acrt_LCMapStringA        0000000180018884 f   libucrt:lcmapstringa.obj
 0001:00017934       _msize_base                0000000180018934 f   libucrt:msize.obj
 0001:00017970       _realloc_base              0000000180018970 f   libucrt:realloc_base.obj
 0001:000179ec       __acrt_GetStringTypeW      00000001800189ec f   libucrt:getstringtypew.obj
 0001:000179f4       _fclose_nolock             00000001800189f4 f   libucrt:fclose.obj
 0001:00017a78       fclose                     0000000180018a78 f   libucrt:fclose.obj
 0001:00017c68       _lseeki64                  0000000180018c68 f   libucrt:lseek.obj
 0001:00017c70       _lseeki64_nolock           0000000180018c70 f   libucrt:lseek.obj
 0001:00017c78       _putwch_nolock             0000000180018c78 f   libucrt:putwch.obj
 0001:00017cb4       __ascii_wcsnicmp           0000000180018cb4 f   libucrt:wcsnicmp.obj
 0001:00017d00       ?__mbrtoc32_utf8@__crt_mbstring@@YA_KPEA_UPEBD_KPEAU_Mbstatet@@@Z 0000000180018d00 f   libucrt:mbrtoc32.obj
 0001:00017edc       fegetenv                   0000000180018edc f   libucrt:fegetenv.obj
 0001:00017efc       fesetenv                   0000000180018efc f   libucrt:fesetenv.obj
 0001:00017f48       feholdexcept               0000000180018f48 f   libucrt:feholdexcept.obj
 0001:00017f98       ceil                       0000000180018f98 f   libucrt:ceil.obj
 0001:00018060       log10                      0000000180019060 f   libucrt:log10.obj
 0001:0001860c       __acrt_stdio_allocate_buffer_nolock 000000018001960c f   libucrt:_getbuf.obj
 0001:00018674       __strncnt                  0000000180019674 f   libucrt:strncnt.obj
 0001:00018700       _close                     0000000180019700 f   libucrt:close.obj
 0001:000187a4       _close_nolock              00000001800197a4 f   libucrt:close.obj
 0001:00018864       ?__acrt_stdio_free_stream@@YAXV__crt_stdio_stream@@@Z 0000000180019864 f   libucrt:stream.obj
 0001:00018880       __dcrt_lowio_ensure_console_output_initialized 0000000180019880 f   libucrt:initcon.obj
 0001:000188d4       __dcrt_terminate_console_output 00000001800198d4 f   libucrt:initcon.obj
 0001:000188f0       __dcrt_write_console       00000001800198f0 f   libucrt:initcon.obj
 0001:000189b0       __acrt_fenv_get_control    00000001800199b0 f   libucrt:_fenvutils.obj
 0001:00018aa4       __acrt_fenv_get_status     0000000180019aa4 f   libucrt:_fenvutils.obj
 0001:00018af8       __acrt_fenv_set_control    0000000180019af8 f   libucrt:_fenvutils.obj
 0001:00018c40       __acrt_fenv_set_status     0000000180019c40 f   libucrt:_fenvutils.obj
 0001:00018cc4       _clearfp                   0000000180019cc4 f   libucrt:ieee.obj
 0001:00018e58       _handle_error              0000000180019e58 f   libucrt:libm_error.obj
 0001:00018f80       _handle_nan                0000000180019f80 f   libucrt:libm_error.obj
 0001:00018fa0       __acrt_initialize_fma3     0000000180019fa0 f   libucrt:fma3_available.obj
 0001:00019010       _log10_special             000000018001a010 f   libucrt:log_special.obj
 0001:000190e0       _get_fpsr                  000000018001a0e0 f   libucrt:fpsr.obj
 0001:000190f0       _set_fpsr                  000000018001a0f0 f   libucrt:fpsr.obj
 0001:000190fa       _fclrf                     000000018001a0fa f   libucrt:fpsr.obj
 0001:0001910e       _frnd                      000000018001a10e f   libucrt:fpsr.obj
 0001:00019130       _raise_exc                 000000018001a130 f   libucrt:fpexcept.obj
 0001:00019158       _raise_exc_ex              000000018001a158 f   libucrt:fpexcept.obj
 0001:00019468       _set_errno_from_matherr    000000018001a468 f   libucrt:fpexcept.obj
 0001:00019498       _clrfp                     000000018001a498 f   libucrt:fpctrl.obj
 0001:000194b8       _ctrlfp                    000000018001a4b8 f   libucrt:fpctrl.obj
 0001:00019534       _set_statfp                000000018001a534 f   libucrt:fpctrl.obj
 0001:00019554       _statfp                    000000018001a554 f   libucrt:fpctrl.obj
 0001:00019565       IsProcessorFeaturePresent  000000018001a565 f   kernel32:KERNEL32.dll
 0001:0001956c       ?DloadAcquireSectionWriteAccess@@YAXXZ 000000018001a56c f i DelayImp:delayhlp.obj
 0001:00019618       ?DloadGetSRWLockFunctionPointers@@YAEXZ 000000018001a618 f i DelayImp:delayhlp.obj
 0001:000196b4       ?DloadMakePermanentImageCommit@@YAXPEAX_K@Z 000000018001a6b4 f i DelayImp:delayhlp.obj
 0001:0001974c       ?DloadObtainSection@@YAPEAXPEAK0@Z 000000018001a74c f i DelayImp:delayhlp.obj
 0001:000197e8       ?DloadProtectSection@@YAXKPEAK@Z 000000018001a7e8 f i DelayImp:delayhlp.obj
 0001:00019878       ?DloadReleaseSectionWriteAccess@@YAXXZ 000000018001a878 f i DelayImp:delayhlp.obj
 0001:0001990c       __delayLoadHelper2         000000018001a90c f   DelayImp:delayhlp.obj
 0001:00019bf0       _FindPESection             000000018001abf0 f   LIBCMT:pesect.obj
 0001:00019c40       _IsNonwritableInCurrentImage 000000018001ac40 f   LIBCMT:pesect.obj
 0001:00019c90       _ValidateImageBase         000000018001ac90 f   LIBCMT:pesect.obj
 0001:00019cc0       __GSHandlerCheck           000000018001acc0 f   LIBCMT:gshandler.obj
 0001:00019ce0       __GSHandlerCheckCommon     000000018001ace0 f   LIBCMT:gshandler.obj
 0001:00019d50       _alloca_probe              000000018001ad50 f   LIBCMT:chkstk.obj
 0001:00019d50       __chkstk                   000000018001ad50 f   LIBCMT:chkstk.obj
 0001:00019dc0       memcmp                     000000018001adc0 f   libvcruntime:memcmp.obj
 0001:00019e88       strrchr                    000000018001ae88 f   libvcruntime:strrchr.obj
 0001:00019fd0       memchr                     000000018001afd0 f   libvcruntime:memchr.obj
 0001:0001a040       floor                      000000018001b040 f   libucrt:floor.obj
 0001:0001a100       _guard_dispatch_icall_nop  000000018001b100 f   LIBCMT:guard_dispatch.obj
 0002:00000000       __imp_SelectObject         000000018001c000     gdi32:GDI32.dll
 0002:00000008       __imp_CreateDIBSection     000000018001c008     gdi32:GDI32.dll
 0002:00000010       __imp_CreateCompatibleDC   000000018001c010     gdi32:GDI32.dll
 0002:00000018       __imp_DeleteDC             000000018001c018     gdi32:GDI32.dll
 0002:00000020       __imp_DeleteObject         000000018001c020     gdi32:GDI32.dll
 0002:00000028       __imp_BitBlt               000000018001c028     gdi32:GDI32.dll
 0002:00000030       \177GDI32_NULL_THUNK_DATA  000000018001c030     gdi32:GDI32.dll
 0002:00000038       __imp_CloseHandle          000000018001c038     kernel32:KERNEL32.dll
 0002:00000040       __imp_CreateFileW          000000018001c040     kernel32:KERNEL32.dll
 0002:00000048       __imp_HeapReAlloc          000000018001c048     kernel32:KERNEL32.dll
 0002:00000050       __imp_HeapSize             000000018001c050     kernel32:KERNEL32.dll
 0002:00000058       __imp_SetStdHandle         000000018001c058     kernel32:KERNEL32.dll
 0002:00000060       __imp_GetSystemInfo        000000018001c060     kernel32:KERNEL32.dll
 0002:00000068       __imp_VirtualProtect       000000018001c068     kernel32:KERNEL32.dll
 0002:00000070       __imp_VirtualQuery         000000018001c070     kernel32:KERNEL32.dll
 0002:00000078       __imp_LoadLibraryExA       000000018001c078     kernel32:KERNEL32.dll
 0002:00000080       __imp_GetModuleHandleA     000000018001c080     kernel32:KERNEL32.dll
 0002:00000088       __imp_Sleep                000000018001c088     kernel32:KERNEL32.dll
 0002:00000090       __imp_RtlCaptureContext    000000018001c090     kernel32:KERNEL32.dll
 0002:00000098       __imp_RtlLookupFunctionEntry 000000018001c098     kernel32:KERNEL32.dll
 0002:000000a0       __imp_RtlVirtualUnwind     000000018001c0a0     kernel32:KERNEL32.dll
 0002:000000a8       __imp_UnhandledExceptionFilter 000000018001c0a8     kernel32:KERNEL32.dll
 0002:000000b0       __imp_SetUnhandledExceptionFilter 000000018001c0b0     kernel32:KERNEL32.dll
 0002:000000b8       __imp_GetCurrentProcess    000000018001c0b8     kernel32:KERNEL32.dll
 0002:000000c0       __imp_TerminateProcess     000000018001c0c0     kernel32:KERNEL32.dll
 0002:000000c8       __imp_IsProcessorFeaturePresent 000000018001c0c8     kernel32:KERNEL32.dll
 0002:000000d0       __imp_QueryPerformanceCounter 000000018001c0d0     kernel32:KERNEL32.dll
 0002:000000d8       __imp_GetCurrentProcessId  000000018001c0d8     kernel32:KERNEL32.dll
 0002:000000e0       __imp_GetCurrentThreadId   000000018001c0e0     kernel32:KERNEL32.dll
 0002:000000e8       __imp_GetSystemTimeAsFileTime 000000018001c0e8     kernel32:KERNEL32.dll
 0002:000000f0       __imp_InitializeSListHead  000000018001c0f0     kernel32:KERNEL32.dll
 0002:000000f8       __imp_IsDebuggerPresent    000000018001c0f8     kernel32:KERNEL32.dll
 0002:00000100       __imp_GetStartupInfoW      000000018001c100     kernel32:KERNEL32.dll
 0002:00000108       __imp_GetModuleHandleW     000000018001c108     kernel32:KERNEL32.dll
 0002:00000110       __imp_RtlUnwindEx          000000018001c110     kernel32:KERNEL32.dll
 0002:00000118       __imp_InterlockedFlushSList 000000018001c118     kernel32:KERNEL32.dll
 0002:00000120       __imp_GetLastError         000000018001c120     kernel32:KERNEL32.dll
 0002:00000128       __imp_SetLastError         000000018001c128     kernel32:KERNEL32.dll
 0002:00000130       __imp_EnterCriticalSection 000000018001c130     kernel32:KERNEL32.dll
 0002:00000138       __imp_LeaveCriticalSection 000000018001c138     kernel32:KERNEL32.dll
 0002:00000140       __imp_DeleteCriticalSection 000000018001c140     kernel32:KERNEL32.dll
 0002:00000148       __imp_InitializeCriticalSectionAndSpinCount 000000018001c148     kernel32:KERNEL32.dll
 0002:00000150       __imp_TlsAlloc             000000018001c150     kernel32:KERNEL32.dll
 0002:00000158       __imp_TlsGetValue          000000018001c158     kernel32:KERNEL32.dll
 0002:00000160       __imp_TlsSetValue          000000018001c160     kernel32:KERNEL32.dll
 0002:00000168       __imp_TlsFree              000000018001c168     kernel32:KERNEL32.dll
 0002:00000170       __imp_FreeLibrary          000000018001c170     kernel32:KERNEL32.dll
 0002:00000178       __imp_GetProcAddress       000000018001c178     kernel32:KERNEL32.dll
 0002:00000180       __imp_LoadLibraryExW       000000018001c180     kernel32:KERNEL32.dll
 0002:00000188       __imp_RaiseException       000000018001c188     kernel32:KERNEL32.dll
 0002:00000190       __imp_GetStdHandle         000000018001c190     kernel32:KERNEL32.dll
 0002:00000198       __imp_GetFileType          000000018001c198     kernel32:KERNEL32.dll
 0002:000001a0       __imp_GetModuleFileNameW   000000018001c1a0     kernel32:KERNEL32.dll
 0002:000001a8       __imp_GetModuleHandleExW   000000018001c1a8     kernel32:KERNEL32.dll
 0002:000001b0       __imp_WriteConsoleW        000000018001c1b0     kernel32:KERNEL32.dll
 0002:000001b8       __imp_QueryPerformanceFrequency 000000018001c1b8     kernel32:KERNEL32.dll
 0002:000001c0       __imp_ExitProcess          000000018001c1c0     kernel32:KERNEL32.dll
 0002:000001c8       __imp_HeapFree             000000018001c1c8     kernel32:KERNEL32.dll
 0002:000001d0       __imp_WriteFile            000000018001c1d0     kernel32:KERNEL32.dll
 0002:000001d8       __imp_OutputDebugStringW   000000018001c1d8     kernel32:KERNEL32.dll
 0002:000001e0       __imp_HeapAlloc            000000018001c1e0     kernel32:KERNEL32.dll
 0002:000001e8       __imp_LCMapStringW         000000018001c1e8     kernel32:KERNEL32.dll
 0002:000001f0       __imp_FindClose            000000018001c1f0     kernel32:KERNEL32.dll
 0002:000001f8       __imp_FindFirstFileExW     000000018001c1f8     kernel32:KERNEL32.dll
 0002:00000200       __imp_FindNextFileW        000000018001c200     kernel32:KERNEL32.dll
 0002:00000208       __imp_IsValidCodePage      000000018001c208     kernel32:KERNEL32.dll
 0002:00000210       __imp_GetACP               000000018001c210     kernel32:KERNEL32.dll
 0002:00000218       __imp_GetOEMCP             000000018001c218     kernel32:KERNEL32.dll
 0002:00000220       __imp_GetCPInfo            000000018001c220     kernel32:KERNEL32.dll
 0002:00000228       __imp_GetCommandLineA      000000018001c228     kernel32:KERNEL32.dll
 0002:00000230       __imp_GetCommandLineW      000000018001c230     kernel32:KERNEL32.dll
 0002:00000238       __imp_MultiByteToWideChar  000000018001c238     kernel32:KERNEL32.dll
 0002:00000240       __imp_WideCharToMultiByte  000000018001c240     kernel32:KERNEL32.dll
 0002:00000248       __imp_GetEnvironmentStringsW 000000018001c248     kernel32:KERNEL32.dll
 0002:00000250       __imp_FreeEnvironmentStringsW 000000018001c250     kernel32:KERNEL32.dll
 0002:00000258       __imp_GetProcessHeap       000000018001c258     kernel32:KERNEL32.dll
 0002:00000260       __imp_FlushFileBuffers     000000018001c260     kernel32:KERNEL32.dll
 0002:00000268       __imp_GetConsoleCP         000000018001c268     kernel32:KERNEL32.dll
 0002:00000270       __imp_GetConsoleMode       000000018001c270     kernel32:KERNEL32.dll
 0002:00000278       __imp_GetStringTypeW       000000018001c278     kernel32:KERNEL32.dll
 0002:00000280       __imp_GetFileSizeEx        000000018001c280     kernel32:KERNEL32.dll
 0002:00000288       __imp_SetFilePointerEx     000000018001c288     kernel32:KERNEL32.dll
 0002:00000290       \177KERNEL32_NULL_THUNK_DATA 000000018001c290     kernel32:KERNEL32.dll
 0002:00000298       __imp_ReleaseDC            000000018001c298     user32:USER32.dll
 0002:000002a0       __imp_VkKeyScanA           000000018001c2a0     user32:USER32.dll
 0002:000002a8       __imp_keybd_event          000000018001c2a8     user32:USER32.dll
 0002:000002b0       __imp_GetDC                000000018001c2b0     user32:USER32.dll
 0002:000002b8       __imp_GetSystemMetrics     000000018001c2b8     user32:USER32.dll
 0002:000002c0       __imp_mouse_event          000000018001c2c0     user32:USER32.dll
 0002:000002c8       __imp_GetCursorPos         000000018001c2c8     user32:USER32.dll
 0002:000002d0       __imp_SendInput            000000018001c2d0     user32:USER32.dll
 0002:000002d8       __imp_MapVirtualKeyA       000000018001c2d8     user32:USER32.dll
 0002:000002e0       \177USER32_NULL_THUNK_DATA 000000018001c2e0     user32:USER32.dll
 0002:000002e8       __guard_check_icall_fptr   000000018001c2e8     LIBCMT:guard_support.obj
 0002:000002f0       __guard_dispatch_icall_fptr 000000018001c2f0     LIBCMT:guard_support.obj
 0002:000002f8       __xc_a                     000000018001c2f8     LIBCMT:initializers.obj
 0002:00000300       _register_robotjs_         000000018001c300     robotjs.obj
 0002:00000308       __xc_z                     000000018001c308     LIBCMT:initializers.obj
 0002:00000310       __xi_a                     000000018001c310     LIBCMT:initializers.obj
 0002:00000318       __acrt_clock_initializer   000000018001c318     libucrt:clock_initializer.obj
 0002:00000320       __acrt_stdio_initializer   000000018001c320     libucrt:stdio_initializer.obj
 0002:00000328       __acrt_multibyte_initializer 000000018001c328     libucrt:multibyte_initializer.obj
 0002:00000330       __acrt_tran_fma3_initializer 000000018001c330     libucrt:fma3_initializer.obj
 0002:00000338       __xi_z                     000000018001c338     LIBCMT:initializers.obj
 0002:00000340       __xp_a                     000000018001c340     LIBCMT:initializers.obj
 0002:00000348       __acrt_locale_terminator   000000018001c348     libucrt:locale_initializer.obj
 0002:00000350       __dcrt_console_output_terminator 000000018001c350     libucrt:console_output_initializer.obj
 0002:00000358       __acrt_stdio_terminator    000000018001c358     libucrt:stdio_initializer.obj
 0002:00000360       __xp_z                     000000018001c360     LIBCMT:initializers.obj
 0002:00000368       __xt_a                     000000018001c368     LIBCMT:initializers.obj
 0002:00000370       __xt_z                     000000018001c370     LIBCMT:initializers.obj
 0002:00000380       __sz_node_exe              000000018001c380     node:node.exe
 0002:000003a0       _pRawDllMain               000000018001c3a0     LIBCMT:dll_dllmain.obj
 0002:000003a0       _pDefaultRawDllMain        000000018001c3a0     LIBCMT:dll_dllmain.obj
 0002:000003b0       __xmm@ffffffffffffffffffffffffffffffff 000000018001c3b0     LIBCMT:utility.obj
 0002:000003c0       _pDestructExceptionObject  000000018001c3c0     libvcruntime:ehhelpers.obj
 0002:00000ad0       ??_C@_08EHJDFFNH@__based?$CI@ 000000018001cad0     libvcruntime:undname.obj
 0002:00000ae0       ??_C@_07KOLFKCDI@__cdecl@  000000018001cae0     libvcruntime:undname.obj
 0002:00000ae8       ??_C@_08GHMPAG@__pascal@   000000018001cae8     libvcruntime:undname.obj
 0002:00000af8       ??_C@_09IFJBGAPI@__stdcall@ 000000018001caf8     libvcruntime:undname.obj
 0002:00000b08       ??_C@_0L@NPHFGOKO@__thiscall@ 000000018001cb08     libvcruntime:undname.obj
 0002:00000b18       ??_C@_0L@JMKHOMEK@__fastcall@ 000000018001cb18     libvcruntime:undname.obj
 0002:00000b28       ??_C@_0N@BCKKPABJ@__vectorcall@ 000000018001cb28     libvcruntime:undname.obj
 0002:00000b38       ??_C@_09HIJEGCPM@__clrcall@ 000000018001cb38     libvcruntime:undname.obj
 0002:00000b44       ??_C@_06GHPCKEAG@__eabi@   000000018001cb44     libvcruntime:undname.obj
 0002:00000b50       ??_C@_09IOPIDJLG@__swift_1@ 000000018001cb50     libvcruntime:undname.obj
 0002:00000b60       ??_C@_09KFNFGKHF@__swift_2@ 000000018001cb60     libvcruntime:undname.obj
 0002:00000b70       ??_C@_07JOMMBBKO@__ptr64@  000000018001cb70     libvcruntime:undname.obj
 0002:00000b78       ??_C@_0L@PILCLIHE@__restrict@ 000000018001cb78     libvcruntime:undname.obj
 0002:00000b88       ??_C@_0M@GFIIJFMG@__unaligned@ 000000018001cb88     libvcruntime:undname.obj
 0002:00000b98       ??_C@_09DHDLOLLB@restrict?$CI@ 000000018001cb98     libvcruntime:undname.obj
 0002:00000ba4       ??_C@_04NIHEBCM@?5new@     000000018001cba4     libvcruntime:undname.obj
 0002:00000bb0       ??_C@_07FPCDHGMM@?5delete@ 000000018001cbb0     libvcruntime:undname.obj
 0002:00000bb8       ??_C@_01NEMOKFLO@?$DN@     000000018001cbb8     libvcruntime:undname.obj
 0002:00000bbc       ??_C@_02GPIOPFAK@?$DO?$DO@ 000000018001cbbc     libvcruntime:undname.obj
 0002:00000bc0       ??_C@_02FODMEDOG@?$DM?$DM@ 000000018001cbc0     libvcruntime:undname.obj
 0002:00000bc4       ??_C@_01DCLJPIOD@?$CB@     000000018001cbc4     libvcruntime:undname.obj
 0002:00000bc8       ??_C@_02EGOFBIJA@?$DN?$DN@ 000000018001cbc8     libvcruntime:undname.obj
 0002:00000bcc       ??_C@_02FDNJECIE@?$CB?$DN@ 000000018001cbcc     libvcruntime:undname.obj
 0002:00000bd0       ??_C@_02GPECMEKF@?$FL?$FN@ 000000018001cbd0     libvcruntime:undname.obj
 0002:00000bd8       ??_C@_08LHJFAFGD@operator@ 000000018001cbd8     libvcruntime:undname.obj
 0002:00000be4       ??_C@_02HBOOOICD@?9?$DO@   000000018001cbe4     libvcruntime:undname.obj
 0002:00000be8       ??_C@_01NBENCBCI@?$CK@     000000018001cbe8     libvcruntime:undname.obj
 0002:00000bec       ??_C@_02ECNGHCIF@?$CL?$CL@ 000000018001cbec     libvcruntime:undname.obj
 0002:00000bf0       ??_C@_02BAABKJLB@?9?9@     000000018001cbf0     libvcruntime:undname.obj
 0002:00000bf4       ??_C@_01JOAMLHOP@?9@       000000018001cbf4     libvcruntime:undname.obj
 0002:00000bf8       ??_C@_01MIFGBAGJ@?$CL@     000000018001cbf8     libvcruntime:undname.obj
 0002:00000bfc       ??_C@_01HNPIGOCE@?$CG@     000000018001cbfc     libvcruntime:undname.obj
 0002:00000c00       ??_C@_03MNHNFDLC@?9?$DO?$CK@ 000000018001cc00     libvcruntime:undname.obj
 0002:00000c04       ??_C@_01KMDKNFGN@?1@       000000018001cc04     libvcruntime:undname.obj
 0002:00000c08       ??_C@_01FGNFDNOH@?$CF@     000000018001cc08     libvcruntime:undname.obj
 0002:00000c0c       ??_C@_01MNNFJEPP@?$DM@     000000018001cc0c     libvcruntime:undname.obj
 0002:00000c10       ??_C@_02EHCHHCKH@?$DM?$DN@ 000000018001cc10     libvcruntime:undname.obj
 0002:00000c14       ??_C@_01PPODPGHN@?$DO@     000000018001cc14     libvcruntime:undname.obj
 0002:00000c18       ??_C@_02EEKDKGMJ@?$DO?$DN@ 000000018001cc18     libvcruntime:undname.obj
 0002:00000c1c       ??_C@_01IHBHIGKO@?0@       000000018001cc1c     libvcruntime:undname.obj
 0002:00000c20       ??_C@_02HCKGKOFO@?$CI?$CJ@ 000000018001cc20     libvcruntime:undname.obj
 0002:00000c24       ??_C@_01PJKLJHI@?$HO@      000000018001cc24     libvcruntime:undname.obj
 0002:00000c28       ??_C@_01JKBOJNNK@?$FO@     000000018001cc28     libvcruntime:undname.obj
 0002:00000c2c       ??_C@_01DNKMNLPK@?$HM@     000000018001cc2c     libvcruntime:undname.obj
 0002:00000c30       ??_C@_02PPKAJPJL@?$CG?$CG@ 000000018001cc30     libvcruntime:undname.obj
 0002:00000c34       ??_C@_02NONPIBCD@?$HM?$HM@ 000000018001cc34     libvcruntime:undname.obj
 0002:00000c38       ??_C@_02FPIMKNGF@?$CK?$DN@ 000000018001cc38     libvcruntime:undname.obj
 0002:00000c3c       ??_C@_02FOEOMHFC@?$CL?$DN@ 000000018001cc3c     libvcruntime:undname.obj
 0002:00000c40       ??_C@_02FKMDLLOA@?9?$DN@   000000018001cc40     libvcruntime:undname.obj
 0002:00000c44       ??_C@_02FJEHGPIO@?1?$DN@   000000018001cc44     libvcruntime:undname.obj
 0002:00000c48       ??_C@_02FENAOKFI@?$CF?$DN@ 000000018001cc48     libvcruntime:undname.obj
 0002:00000c4c       ??_C@_03IKFCCPFF@?$DO?$DO?$DN@ 000000018001cc4c     libvcruntime:undname.obj
 0002:00000c50       ??_C@_03CDNPDDLA@?$DM?$DM?$DN@ 000000018001cc50     libvcruntime:undname.obj
 0002:00000c54       ??_C@_02FGJGFEAB@?$CG?$DN@ 000000018001cc54     libvcruntime:undname.obj
 0002:00000c58       ??_C@_02DHLNPPGH@?$HM?$DN@ 000000018001cc58     libvcruntime:undname.obj
 0002:00000c5c       ??_C@_02MHEGNOJ@?$FO?$DN@  000000018001cc5c     libvcruntime:undname.obj
 0002:00000c60       ??_C@_09IFPLHPGF@?$GAvftable?8@ 000000018001cc60     libvcruntime:undname.obj
 0002:00000c70       ??_C@_09BLBHBJP@?$GAvbtable?8@ 000000018001cc70     libvcruntime:undname.obj
 0002:00000c80       ??_C@_07FEEIOKP@?$GAvcall?8@ 000000018001cc80     libvcruntime:undname.obj
 0002:00000c88       ??_C@_08LLFFHHDJ@?$GAtypeof?8@ 000000018001cc88     libvcruntime:undname.obj
 0002:00000c98       ??_C@_0BF@KDPPACIK@?$GAlocal?5static?5guard?8@ 000000018001cc98     libvcruntime:undname.obj
 0002:00000cb0       ??_C@_08OBABFOLI@?$GAstring?8@ 000000018001ccb0     libvcruntime:undname.obj
 0002:00000cc0       ??_C@_0BD@JDLKDPAB@?$GAvbase?5destructor?8@ 000000018001ccc0     libvcruntime:undname.obj
 0002:00000cd8       ??_C@_0BN@DEGPLNFK@?$GAvector?5deleting?5destructor?8@ 000000018001ccd8     libvcruntime:undname.obj
 0002:00000cf8       ??_C@_0BO@OBMKPJIG@?$GAdefault?5constructor?5closure?8@ 000000018001ccf8     libvcruntime:undname.obj
 0002:00000d18       ??_C@_0BN@IMDCHIKM@?$GAscalar?5deleting?5destructor?8@ 000000018001cd18     libvcruntime:undname.obj
 0002:00000d38       ??_C@_0BO@PFGOCPJJ@?$GAvector?5constructor?5iterator?8@ 000000018001cd38     libvcruntime:undname.obj
 0002:00000d58       ??_C@_0BN@LFPFMEDL@?$GAvector?5destructor?5iterator?8@ 000000018001cd58     libvcruntime:undname.obj
 0002:00000d78       ??_C@_0CE@IKBNEHA@?$GAvector?5vbase?5constructor?5itera@ 000000018001cd78     libvcruntime:undname.obj
 0002:00000da0       ??_C@_0BL@NILFHHPC@?$GAvirtual?5displacement?5map?8@ 000000018001cda0     libvcruntime:undname.obj
 0002:00000dc0       ??_C@_0CB@JONCMFFK@?$GAeh?5vector?5constructor?5iterator@ 000000018001cdc0     libvcruntime:undname.obj
 0002:00000de8       ??_C@_0CA@GCEOPDGL@?$GAeh?5vector?5destructor?5iterator?8@ 000000018001cde8     libvcruntime:undname.obj
 0002:00000e08       ??_C@_0CH@OOJPLCPH@?$GAeh?5vector?5vbase?5constructor?5it@ 000000018001ce08     libvcruntime:undname.obj
 0002:00000e30       ??_C@_0BL@LLKPOHJI@?$GAcopy?5constructor?5closure?8@ 000000018001ce30     libvcruntime:undname.obj
 0002:00000e50       ??_C@_0BA@KBCDOMBN@?$GAudt?5returning?8@ 000000018001ce50     libvcruntime:undname.obj
 0002:00000e60       ??_C@_03KLGMFNMG@?$GAEH@   000000018001ce60     libvcruntime:undname.obj
 0002:00000e64       ??_C@_05KHLCHHI@?$GARTTI@  000000018001ce64     libvcruntime:undname.obj
 0002:00000e70       ??_C@_0BA@KKLDJDLB@?$GAlocal?5vftable?8@ 000000018001ce70     libvcruntime:undname.obj
 0002:00000e80       ??_C@_0CE@IIHCMGGL@?$GAlocal?5vftable?5constructor?5clos@ 000000018001ce80     libvcruntime:undname.obj
 0002:00000ea4       ??_C@_06FHBGPFGH@?5new?$FL?$FN@ 000000018001cea4     libvcruntime:undname.obj
 0002:00000eb0       ??_C@_09LBNFPBCA@?5delete?$FL?$FN@ 000000018001ceb0     libvcruntime:undname.obj
 0002:00000ec0       ??_C@_0P@HJKNJFNN@?$GAomni?5callsig?8@ 000000018001cec0     libvcruntime:undname.obj
 0002:00000ed0       ??_C@_0BL@CNOONJFP@?$GAplacement?5delete?5closure?8@ 000000018001ced0     libvcruntime:undname.obj
 0002:00000ef0       ??_C@_0BN@CKNJLHMB@?$GAplacement?5delete?$FL?$FN?5closure?8@ 000000018001cef0     libvcruntime:undname.obj
 0002:00000f10       ??_C@_0CG@CFDHKGGD@?$GAmanaged?5vector?5constructor?5ite@ 000000018001cf10     libvcruntime:undname.obj
 0002:00000f38       ??_C@_0CF@IMGKMJNO@?$GAmanaged?5vector?5destructor?5iter@ 000000018001cf38     libvcruntime:undname.obj
 0002:00000f60       ??_C@_0CG@HLDDJMAG@?$GAeh?5vector?5copy?5constructor?5ite@ 000000018001cf60     libvcruntime:undname.obj
 0002:00000f88       ??_C@_0CM@FCBBDIGB@?$GAeh?5vector?5vbase?5copy?5construct@ 000000018001cf88     libvcruntime:undname.obj
 0002:00000fb8       ??_C@_0BL@CLIPGLGB@?$GAdynamic?5initializer?5for?5?8@ 000000018001cfb8     libvcruntime:undname.obj
 0002:00000fd8       ??_C@_0CB@PDBIFEP@?$GAdynamic?5atexit?5destructor?5for?5@ 000000018001cfd8     libvcruntime:undname.obj
 0002:00001000       ??_C@_0CD@CGAJBKEJ@?$GAvector?5copy?5constructor?5iterat@ 000000018001d000     libvcruntime:undname.obj
 0002:00001028       ??_C@_0CJ@GJELGAMM@?$GAvector?5vbase?5copy?5constructor?5@ 000000018001d028     libvcruntime:undname.obj
 0002:00001058       ??_C@_0CL@FGIJHLCE@?$GAmanaged?5vector?5copy?5constructo@ 000000018001d058     libvcruntime:undname.obj
 0002:00001088       ??_C@_0BM@PMGGMLDN@?$GAlocal?5static?5thread?5guard?8@ 000000018001d088     libvcruntime:undname.obj
 0002:000010a8       ??_C@_0N@BDNMDMOL@operator?5?$CC?$CC?5@ 000000018001d0a8     libvcruntime:undname.obj
 0002:000010b8       ??_C@_0BC@GGEBGALA@operator?5co_await@ 000000018001d0b8     libvcruntime:undname.obj
 0002:000010d0       ??_C@_0M@GAAIMMOH@operator?$DM?$DN?$DO@ 000000018001d0d0     libvcruntime:undname.obj
 0002:000010e0       ??_C@_0BC@DAFEJGAK@?5Type?5Descriptor?8@ 000000018001d0e0     libvcruntime:undname.obj
 0002:000010f8       ??_C@_0BM@LDKODKLH@?5Base?5Class?5Descriptor?5at?5?$CI@ 000000018001d0f8     libvcruntime:undname.obj
 0002:00001118       ??_C@_0BD@LGICGFMM@?5Base?5Class?5Array?8@ 000000018001d118     libvcruntime:undname.obj
 0002:00001130       ??_C@_0BN@MECKDCOJ@?5Class?5Hierarchy?5Descriptor?8@ 000000018001d130     libvcruntime:undname.obj
 0002:00001150       ??_C@_0BK@CFCOFLF@?5Complete?5Object?5Locator?8@ 000000018001d150     libvcruntime:undname.obj
 0002:00001170       ??_C@_0BG@JNJLAMPM@?$GAanonymous?5namespace?8@ 000000018001d170     libvcruntime:undname.obj
 0002:000011a0       ??_C@_1DM@KHCHBNEB@?$AAa?$AAp?$AAi?$AA?9?$AAm?$AAs?$AA?9?$AAw?$AAi?$AAn?$AA?9?$AAc?$AAo?$AAr?$AAe@ 000000018001d1a0     libvcruntime:winapi_downlevel.obj
 0002:000011e0       ??_C@_1DK@LPPGFMPP@?$AAa?$AAp?$AAi?$AA?9?$AAm?$AAs?$AA?9?$AAw?$AAi?$AAn?$AA?9?$AAc?$AAo?$AAr?$AAe@ 000000018001d1e0     libvcruntime:winapi_downlevel.obj
 0002:00001220       ??_C@_1BC@GDMECMAK@?$AAk?$AAe?$AAr?$AAn?$AAe?$AAl?$AA3?$AA2@ 000000018001d220     libvcruntime:winapi_downlevel.obj
 0002:00001238       ??_C@_1BA@PFFKHIOG@?$AAa?$AAp?$AAi?$AA?9?$AAm?$AAs?$AA?9@ 000000018001d238     libvcruntime:winapi_downlevel.obj
 0002:00001250       ??_C@_08KNHFBNJ@FlsAlloc@  000000018001d250     libvcruntime:winapi_downlevel.obj
 0002:00001268       ??_C@_07PEJMOBNF@FlsFree@  000000018001d268     libvcruntime:winapi_downlevel.obj
 0002:00001278       ??_C@_0M@GDNOONDI@FlsGetValue@ 000000018001d278     libvcruntime:winapi_downlevel.obj
 0002:00001290       ??_C@_0M@JCPCPOEF@FlsSetValue@ 000000018001d290     libvcruntime:winapi_downlevel.obj
 0002:000012a8       ??_C@_0BM@HCFOFFN@InitializeCriticalSectionEx@ 000000018001d2a8     libvcruntime:winapi_downlevel.obj
 0002:000012d0       ??_C@_1FE@LHBLIKM@?$AAA?$AAs?$AAs?$AAe?$AAr?$AAt?$AAi?$AAo?$AAn?$AA?5?$AAf?$AAa?$AAi?$AAl?$AAe@ 000000018001d2d0     libucrt:assert.obj
 0002:00001330       ??_C@_1EK@MBDPDCGA@?$AAM?$AAi?$AAc?$AAr?$AAo?$AAs?$AAo?$AAf?$AAt?$AA?5?$AAV?$AAi?$AAs?$AAu?$AAa@ 000000018001d330     libucrt:assert.obj
[...]
 0004:00000d5c       $pdata$_recalloc_base      000000018002cd5c     libucrt:recalloc.obj
 0004:00000d68       $pdata$__acrt_initialize_heap 000000018002cd68     libucrt:heap_handle.obj
 0004:00000d74       $pdata$__acrt_execute_initializers 000000018002cd74     libucrt:shared_initialization.obj
 0004:00000d80       $pdata$__acrt_execute_uninitializers 000000018002cd80     libucrt:shared_initialization.obj
 0004:00000d8c       $pdata$_callnewh           000000018002cd8c     libucrt:new_handler.obj
 0004:00000d98       $pdata$_query_new_handler  000000018002cd98     libucrt:new_handler.obj
 0004:00000da4       $pdata$_query_new_handler$fin$0 000000018002cda4     libucrt:new_handler.obj
 0004:00000db0       $pdata$iswctype            000000018002cdb0     libucrt:iswctype.obj
 0004:00000dbc       $pdata$_fcloseall          000000018002cdbc     libucrt:closeall.obj
 0004:00000dc8       $pdata$_fcloseall$fin$0    000000018002cdc8     libucrt:closeall.obj
 0004:00000dd4       $pdata$__acrt_stdio_free_buffer_nolock 000000018002cdd4     libucrt:_freebuf.obj
 0004:00000de0       $pdata$_commit             000000018002cde0     libucrt:commit.obj
 0004:00000dec       $pdata$??$?RV<lambda_a37b2b86f63e897a80ea819b0eb08c01>@@AEAV<lambda_38ce7e780aa69e748d6df282ebc68efe>@@V<lambda_99fb1378e971ab6e7edea83e3a7a83a2>@@@?$__crt_seh_guarded_call@H@@QEAAH$$QEAV<lambda_a37b2b86f63e897a80ea819b0eb08c01>@@AEAV<lambda_38ce7e780aa69e748d6df282ebc68efe>@@$$QEAV<lambda_99fb1378e971ab6e7edea83e3a7a83a2>@@@Z 000000018002cdec     libucrt:commit.obj
 0004:00000df8       $pdata$?fin$0@?0???$?RV<lambda_751a882b2c74d4b022dec766aa51a29a>@@AEAV<lambda_628dfdc04ba53c8bfc02c9951375f3f5>@@V<lambda_f6c7be5f7998530c34de24c7437d6b54>@@@?$__crt_seh_guarded_call@H@@QEAAH$$QEAV<lambda_751a882b2c74d4b022dec766aa51a29a>@@AEAV<lambda_628dfdc04ba53c8bfc02c9951375f3f5>@@$$QEAV<lambda_f6c7be5f7998530c34de24c7437d6b54>@@@Z@4HA 000000018002cdf8     libucrt:close.obj
 0004:00000df8       $pdata$?fin$0@?0???$?RV<lambda_a37b2b86f63e897a80ea819b0eb08c01>@@AEAV<lambda_38ce7e780aa69e748d6df282ebc68efe>@@V<lambda_99fb1378e971ab6e7edea83e3a7a83a2>@@@?$__crt_seh_guarded_call@H@@QEAAH$$QEAV<lambda_a37b2b86f63e897a80ea819b0eb08c01>@@AEAV<lambda_38ce7e780aa69e748d6df282ebc68efe>@@$$QEAV<lambda_99fb1378e971ab6e7edea83e3a7a83a2>@@@Z@4HA 000000018002cdf8     libucrt:commit.obj
 0004:00000e04       $pdata$_write              000000018002ce04     libucrt:write.obj
 0004:00000e10       $pdata$?fin$0@?0???$common_lseek@_J@@YA_JH_JH@Z@4HA 000000018002ce10     libucrt:lseek.obj
 0004:00000e10       $pdata$_write$fin$0        000000018002ce10     libucrt:write.obj
 0004:00000e1c       $pdata$_write_nolock       000000018002ce1c     libucrt:write.obj
 0004:00000e28       $pdata$?write_double_translated_ansi_nolock@@YA?AUwrite_result@?A0x17268360@@HQEBDI@Z 000000018002ce28     libucrt:write.obj
 0004:00000e34       $pdata$?write_text_ansi_nolock@@YA?AUwrite_result@?A0x17268360@@HQEBDI@Z 000000018002ce34     libucrt:write.obj
 0004:00000e40       $pdata$?write_text_utf16le_nolock@@YA?AUwrite_result@?A0x17268360@@HQEBDI@Z 000000018002ce40     libucrt:write.obj
 0004:00000e4c       $pdata$?write_text_utf8_nolock@@YA?AUwrite_result@?A0x17268360@@HQEBDI@Z 000000018002ce4c     libucrt:write.obj
 0004:00000e58       $pdata$__acrt_DownlevelLocaleNameToLCID 000000018002ce58     libucrt:lcidtoname_downlevel.obj
 0004:00000e64       $pdata$__acrt_GetStringTypeA 000000018002ce64     libucrt:getstringtypea.obj
 0004:00000e70       $pdata$__acrt_release_locale_ref 000000018002ce70     libucrt:locale_refcounting.obj
 0004:00000e7c       $pdata$__acrt_free_locale  000000018002ce7c     libucrt:locale_refcounting.obj
 0004:00000e88       $pdata$__acrt_locale_free_lc_time_if_unreferenced 000000018002ce88     libucrt:locale_refcounting.obj
 0004:00000e94       $pdata$__acrt_update_thread_locale_data 000000018002ce94     libucrt:locale_refcounting.obj
 0004:00000ea0       $pdata$__acrt_update_thread_locale_data$fin$0 000000018002cea0     libucrt:locale_refcounting.obj
 0004:00000eac       $pdata$_updatetlocinfoEx_nolock 000000018002ceac     libucrt:locale_refcounting.obj
 0004:00000eb8       $pdata$__acrt_locale_free_monetary 000000018002ceb8     libucrt:initmon.obj
 0004:00000ec4       $pdata$__acrt_locale_free_numeric 000000018002cec4     libucrt:initnum.obj
 0004:00000ed0       $pdata$__acrt_locale_free_time 000000018002ced0     libucrt:inittime.obj
 0004:00000edc       $pdata$?free_crt_array_internal@@YAXQEAPEBX_K@Z 000000018002cedc     libucrt:inittime.obj
 0004:00000ee8       $pdata$_isleadbyte_l       000000018002cee8     libucrt:_wctype.obj
 0004:00000ef4       $pdata$?__mbrtowc_utf8@__crt_mbstring@@YA_KPEA_WPEBD_KPEAU_Mbstatet@@@Z 000000018002cef4     libucrt:mbrtowc.obj
 0004:00000f00       $pdata$?__mbsrtowcs_utf8@__crt_mbstring@@YA_KPEA_WPEAPEBD_KPEAU_Mbstatet@@@Z 000000018002cf00     libucrt:mbrtowc.obj
 0004:00000f0c       $pdata$?__c32rtomb_utf8@__crt_mbstring@@YA_KPEAD_UPEAU_Mbstatet@@@Z 000000018002cf0c     libucrt:c32rtomb.obj
 0004:00000f18       $pdata$__acrt_fp_strflt_to_string 000000018002cf18     libucrt:_fptostr.obj
 0004:00000f24       $pdata$memcpy_s            000000018002cf24     libucrt:cfout.obj
 0004:00000f30       $pdata$__acrt_fltout       000000018002cf30     libucrt:cfout.obj
 0004:00000f3c       $pdata$?divide@__crt_strtox@@YA_KAEAUbig_integer@1@AEBU21@@Z 000000018002cf3c     libucrt:cfout.obj
 0004:00000f48       $pdata$0$?divide@__crt_strtox@@YA_KAEAUbig_integer@1@AEBU21@@Z 000000018002cf48     libucrt:cfout.obj
 0004:00000f54       $pdata$1$?divide@__crt_strtox@@YA_KAEAUbig_integer@1@AEBU21@@Z 000000018002cf54     libucrt:cfout.obj
 0004:00000f60       $pdata$__acrt_stdio_flush_and_write_narrow_nolock 000000018002cf60     libucrt:_flsbuf.obj
 0004:00000f6c       $pdata$__acrt_stdio_flush_and_write_wide_nolock 000000018002cf6c     libucrt:_flsbuf.obj
 0004:00000f78       $pdata$?stream_is_at_end_of_file_nolock@@YA_NV__crt_stdio_stream@@@Z 000000018002cf78     libucrt:_flsbuf.obj
 0004:00000f84       $pdata$??$write_buffer_nolock@D@@YA_NDV__crt_stdio_stream@@@Z 000000018002cf84     libucrt:_flsbuf.obj
 0004:00000f90       $pdata$??$write_buffer_nolock@_W@@YA_N_WV__crt_stdio_stream@@@Z 000000018002cf90     libucrt:_flsbuf.obj
 0004:00000f9c       $pdata$_isatty             000000018002cf9c     libucrt:isatty.obj
 0004:00000fa8       $pdata$_get_osfhandle      000000018002cfa8     libucrt:osfinfo.obj
 0004:00000fb4       $pdata$_free_osfhnd        000000018002cfb4     libucrt:osfinfo.obj
 0004:00000fc0       $pdata$__acrt_lowio_create_handle_array 000000018002cfc0     libucrt:osfinfo.obj
 0004:00000fcc       $pdata$__acrt_lowio_destroy_handle_array 000000018002cfcc     libucrt:osfinfo.obj
 0004:00000fd8       $pdata$__acrt_lowio_ensure_fh_exists 000000018002cfd8     libucrt:osfinfo.obj
 0004:00000fe4       $pdata$qsort               000000018002cfe4     libucrt:qsort.obj
 0004:00000ff0       $pdata$4$qsort             000000018002cff0     libucrt:qsort.obj
 0004:00000ffc       $pdata$5$qsort             000000018002cffc     libucrt:qsort.obj
 0004:00001008       $pdata$strncpy_s           000000018002d008     libucrt:strncpy_s.obj
 0004:00001014       $pdata$strpbrk             000000018002d014     libucrt:strpbrk.obj
 0004:00001020       $pdata$fallbackMethod      000000018002d020     libucrt:strpbrk.obj
 0004:0000102c       $pdata$_mbsdec_l           000000018002d02c     libucrt:mbsdec.obj
 0004:00001038       $pdata$__acrt_LCMapStringA 000000018002d038     libucrt:lcmapstringa.obj
 0004:00001044       $pdata$?__acrt_LCMapStringA_stat@@YAHPEAU__crt_locale_pointers@@PEB_WKPEBDHPEADHHH@Z 000000018002d044     libucrt:lcmapstringa.obj
 0004:00001050       $pdata$?initialize_multibyte@@YAHXZ 000000018002d050     libucrt:multibyte_initializer.obj
 0004:0000105c       $pdata$_msize_base         000000018002d05c     libucrt:msize.obj
 0004:00001068       $pdata$_realloc_base       000000018002d068     libucrt:realloc_base.obj
 0004:00001074       $pdata$fclose              000000018002d074     libucrt:fclose.obj
 0004:00001080       $pdata$fclose$fin$0        000000018002d080     libucrt:fclose.obj
 0004:0000108c       $pdata$_fclose_nolock      000000018002d08c     libucrt:fclose.obj
 0004:00001098       $pdata$??$common_lseek@_J@@YA_JH_JH@Z 000000018002d098     libucrt:lseek.obj
 0004:000010a4       $pdata$??$common_lseek_nolock@_J@@YA_JH_JH@Z 000000018002d0a4     libucrt:lseek.obj
 0004:000010b0       $pdata$_putwch_nolock      000000018002d0b0     libucrt:putwch.obj
 0004:000010bc       $pdata$?__mbrtoc32_utf8@__crt_mbstring@@YA_KPEA_UPEBD_KPEAU_Mbstatet@@@Z 000000018002d0bc     libucrt:mbrtoc32.obj
 0004:000010c8       $pdata$fegetenv            000000018002d0c8     libucrt:fegetenv.obj
 0004:000010d4       $pdata$fesetenv            000000018002d0d4     libucrt:fesetenv.obj
 0004:000010e0       $pdata$feholdexcept        000000018002d0e0     libucrt:feholdexcept.obj
 0004:000010f8       $pdata$__acrt_stdio_allocate_buffer_nolock 000000018002d0f8     libucrt:_getbuf.obj
 0004:00001104       $pdata$_close              000000018002d104     libucrt:close.obj
 0004:00001110       $pdata$_close_nolock       000000018002d110     libucrt:close.obj
 0004:0000111c       $pdata$??$?RV<lambda_751a882b2c74d4b022dec766aa51a29a>@@AEAV<lambda_628dfdc04ba53c8bfc02c9951375f3f5>@@V<lambda_f6c7be5f7998530c34de24c7437d6b54>@@@?$__crt_seh_guarded_call@H@@QEAAH$$QEAV<lambda_751a882b2c74d4b022dec766aa51a29a>@@AEAV<lambda_628dfdc04ba53c8bfc02c9951375f3f5>@@$$QEAV<lambda_f6c7be5f7998530c34de24c7437d6b54>@@@Z 000000018002d11c     libucrt:close.obj
 0004:00001128       $pdata$__dcrt_lowio_ensure_console_output_initialized 000000018002d128     libucrt:initcon.obj
 0004:00001134       $pdata$__dcrt_write_console 000000018002d134     libucrt:initcon.obj
 0004:00001140       $pdata$__dcrt_terminate_console_output 000000018002d140     libucrt:initcon.obj
 0004:0000114c       $pdata$__acrt_fenv_set_control 000000018002d14c     libucrt:_fenvutils.obj
 0004:00001158       $pdata$_clearfp            000000018002d158     libucrt:ieee.obj
 0004:00001164       $pdata$_call_matherr       000000018002d164     libucrt:libm_error.obj
 0004:00001170       $pdata$_exception_enabled  000000018002d170     libucrt:libm_error.obj
 0004:0000117c       $pdata$_handle_error       000000018002d17c     libucrt:libm_error.obj
 0004:00001188       $pdata$__acrt_initialize_fma3 000000018002d188     libucrt:fma3_available.obj
 0004:00001194       $pdata$_log_special_common 000000018002d194     libucrt:log_special.obj
 0004:000011a0       $pdata$_log10_special      000000018002d1a0     libucrt:log_special.obj
 0004:000011b8       $pdata$_set_errno_from_matherr 000000018002d1b8     libucrt:fpexcept.obj
 0004:000011c4       $pdata$_raise_exc          000000018002d1c4     libucrt:fpexcept.obj
 0004:000011d0       $pdata$_raise_exc_ex       000000018002d1d0     libucrt:fpexcept.obj
 0004:000011dc       $pdata$_clrfp              000000018002d1dc     libucrt:fpctrl.obj
 0004:000011e8       $pdata$_ctrlfp             000000018002d1e8     libucrt:fpctrl.obj
 0004:000011f4       $pdata$_ctrlfp$filt$0      000000018002d1f4     libucrt:fpctrl.obj
 0004:00001200       $pdata$_statfp             000000018002d200     libucrt:fpctrl.obj
 0004:0000120c       $pdata$_set_statfp         000000018002d20c     libucrt:fpctrl.obj
 0004:00001218       $pdata$?DloadGetSRWLockFunctionPointers@@YAEXZ 000000018002d218     DelayImp:delayhlp.obj
 0004:00001224       $pdata$?DloadObtainSection@@YAPEAXPEAK0@Z 000000018002d224     DelayImp:delayhlp.obj
 0004:00001230       $pdata$?DloadMakePermanentImageCommit@@YAXPEAX_K@Z 000000018002d230     DelayImp:delayhlp.obj
 0004:0000123c       $pdata$?DloadProtectSection@@YAXKPEAK@Z 000000018002d23c     DelayImp:delayhlp.obj
 0004:00001248       $pdata$?DloadAcquireSectionWriteAccess@@YAXXZ 000000018002d248     DelayImp:delayhlp.obj
 0004:00001254       $pdata$?DloadReleaseSectionWriteAccess@@YAXXZ 000000018002d254     DelayImp:delayhlp.obj
 0004:00001260       $pdata$__delayLoadHelper2  000000018002d260     DelayImp:delayhlp.obj
 0004:0000126c       $pdata$_IsNonwritableInCurrentImage 000000018002d26c     LIBCMT:pesect.obj
 0004:00001278       $pdata$_IsNonwritableInCurrentImage$filt$0 000000018002d278     LIBCMT:pesect.obj
 0004:00001284       $pdata$__GSHandlerCheckCommon 000000018002d284     LIBCMT:gshandler.obj
 0004:00001290       $pdata$__GSHandlerCheck    000000018002d290     LIBCMT:gshandler.obj
 0004:000012b4       $pdata$??$New@VFunctionTemplate@v8@@@Nan@@YA?AV?$Local@VFunctionTemplate@v8@@@v8@@P6AXAEBV?$FunctionCallbackInfo@VValue@v8@@@0@@ZV?$Local@VValue@v8@@@2@@Z 000000018002d2b4     robotjs.obj
 0004:000012c0       $pdata$0$??$New@VFunctionTemplate@v8@@@Nan@@YA?AV?$Local@VFunctionTemplate@v8@@@v8@@P6AXAEBV?$FunctionCallbackInfo@VValue@v8@@@0@@ZV?$Local@VValue@v8@@@2@@Z 000000018002d2c0     robotjs.obj
 0004:000012cc       $pdata$1$??$New@VFunctionTemplate@v8@@@Nan@@YA?AV?$Local@VFunctionTemplate@v8@@@v8@@P6AXAEBV?$FunctionCallbackInfo@VValue@v8@@@0@@ZV?$Local@VValue@v8@@@2@@Z 000000018002d2cc     robotjs.obj
 0004:000012d8       $pdata$2$??$New@VFunctionTemplate@v8@@@Nan@@YA?AV?$Local@VFunctionTemplate@v8@@@v8@@P6AXAEBV?$FunctionCallbackInfo@VValue@v8@@@0@@ZV?$Local@VValue@v8@@@2@@Z 000000018002d2d8     robotjs.obj
 0004:000012e4       $pdata$3$??$New@VFunctionTemplate@v8@@@Nan@@YA?AV?$Local@VFunctionTemplate@v8@@@v8@@P6AXAEBV?$FunctionCallbackInfo@VValue@v8@@@0@@ZV?$Local@VValue@v8@@@2@@Z 000000018002d2e4     robotjs.obj
 0004:000012f0       $pdata$?InitAll@@YAXV?$Local@VObject@v8@@@v8@@@Z 000000018002d2f0     robotjs.obj
 0004:000012fc       $pdata$?getColor@@YAXAEBV?$FunctionCallbackInfo@VValue@v8@@@Nan@@@Z 000000018002d2fc     robotjs.obj
 0004:00001308       $pdata$?buildBMP@@YA?AVBMP@@V?$Local@VObject@v8@@@v8@@@Z 000000018002d308     robotjs.obj
 0004:00001314       $pdata$?captureScreen@@YAXAEBV?$FunctionCallbackInfo@VValue@v8@@@Nan@@@Z 000000018002d314     robotjs.obj
 0004:00001320       $pdata$?setXDisplayName@@YAXAEBV?$FunctionCallbackInfo@VValue@v8@@@Nan@@@Z 000000018002d320     robotjs.obj
 0004:0000132c       $pdata$?getXDisplayName@@YAXAEBV?$FunctionCallbackInfo@VValue@v8@@@Nan@@@Z 000000018002d32c     robotjs.obj
 0004:00001338       $pdata$?getScreenSize@@YAXAEBV?$FunctionCallbackInfo@VValue@v8@@@Nan@@@Z 000000018002d338     robotjs.obj
 0004:00001344       $pdata$?getPixelColor@@YAXAEBV?$FunctionCallbackInfo@VValue@v8@@@Nan@@@Z 000000018002d344     robotjs.obj
 0004:00001350       $pdata$1$?getPixelColor@@YAXAEBV?$FunctionCallbackInfo@VValue@v8@@@Nan@@@Z 000000018002d350     robotjs.obj
 0004:0000135c       $pdata$2$?getPixelColor@@YAXAEBV?$FunctionCallbackInfo@VValue@v8@@@Nan@@@Z 000000018002d35c     robotjs.obj
 0004:00001368       $pdata$?setKeyboardDelay@@YAXAEBV?$FunctionCallbackInfo@VValue@v8@@@Nan@@@Z 000000018002d368     robotjs.obj
 0004:00001374       $pdata$?typeStringDelayed@@YAXAEBV?$FunctionCallbackInfo@VValue@v8@@@Nan@@@Z 000000018002d374     robotjs.obj
 0004:00001380       $pdata$?typeString@@YAXAEBV?$FunctionCallbackInfo@VValue@v8@@@Nan@@@Z 000000018002d380     robotjs.obj
 0004:0000138c       $pdata$?keyToggle@@YAXAEBV?$FunctionCallbackInfo@VValue@v8@@@Nan@@@Z 000000018002d38c     robotjs.obj
 0004:00001398       $pdata$?keyTap@@YAXAEBV?$FunctionCallbackInfo@VValue@v8@@@Nan@@@Z 000000018002d398     robotjs.obj
 0004:000013a4       $pdata$?GetFlagsFromString@@YAHV?$Local@VValue@v8@@@v8@@PEAI@Z 000000018002d3a4     robotjs.obj
 0004:000013b0       $pdata$?scrollMouse@@YAXAEBV?$FunctionCallbackInfo@VValue@v8@@@Nan@@@Z 000000018002d3b0     robotjs.obj
 0004:000013bc       $pdata$?setMouseDelay@@YAXAEBV?$FunctionCallbackInfo@VValue@v8@@@Nan@@@Z 000000018002d3bc     robotjs.obj
 0004:000013c8       $pdata$?mouseToggle@@YAXAEBV?$FunctionCallbackInfo@VValue@v8@@@Nan@@@Z 000000018002d3c8     robotjs.obj
 0004:000013d4       $pdata$?mouseClick@@YAXAEBV?$FunctionCallbackInfo@VValue@v8@@@Nan@@@Z 000000018002d3d4     robotjs.obj
 0004:000013e0       $pdata$2$?mouseClick@@YAXAEBV?$FunctionCallbackInfo@VValue@v8@@@Nan@@@Z 000000018002d3e0     robotjs.obj
 0004:000013ec       $pdata$3$?mouseClick@@YAXAEBV?$FunctionCallbackInfo@VValue@v8@@@Nan@@@Z 000000018002d3ec     robotjs.obj
 0004:000013f8       $pdata$4$?mouseClick@@YAXAEBV?$FunctionCallbackInfo@VValue@v8@@@Nan@@@Z 000000018002d3f8     robotjs.obj
 0004:00001404       $pdata$?getMousePos@@YAXAEBV?$FunctionCallbackInfo@VValue@v8@@@Nan@@@Z 000000018002d404     robotjs.obj
 0004:00001410       $pdata$?moveMouseSmooth@@YAXAEBV?$FunctionCallbackInfo@VValue@v8@@@Nan@@@Z 000000018002d410     robotjs.obj
 0004:0000141c       $pdata$?moveMouse@@YAXAEBV?$FunctionCallbackInfo@VValue@v8@@@Nan@@@Z 000000018002d41c     robotjs.obj
 0004:00001428       $pdata$0$?moveMouse@@YAXAEBV?$FunctionCallbackInfo@VValue@v8@@@Nan@@@Z 000000018002d428     robotjs.obj
 0004:00001434       $pdata$1$?moveMouse@@YAXAEBV?$FunctionCallbackInfo@VValue@v8@@@Nan@@@Z 000000018002d434     robotjs.obj
 0004:00001440       $pdata$?dragMouse@@YAXAEBV?$FunctionCallbackInfo@VValue@v8@@@Nan@@@Z 000000018002d440     robotjs.obj
 0004:0000144c       $pdata$1$?dragMouse@@YAXAEBV?$FunctionCallbackInfo@VValue@v8@@@Nan@@@Z 000000018002d44c     robotjs.obj
 0004:00001458       $pdata$2$?dragMouse@@YAXAEBV?$FunctionCallbackInfo@VValue@v8@@@Nan@@@Z 000000018002d458     robotjs.obj
 0004:00001464       $pdata$3$?dragMouse@@YAXAEBV?$FunctionCallbackInfo@VValue@v8@@@Nan@@@Z 000000018002d464     robotjs.obj
 0004:00001470       $pdata$4$?dragMouse@@YAXAEBV?$FunctionCallbackInfo@VValue@v8@@@Nan@@@Z 000000018002d470     robotjs.obj
 0004:0000147c       $pdata$5$?dragMouse@@YAXAEBV?$FunctionCallbackInfo@VValue@v8@@@Nan@@@Z 000000018002d47c     robotjs.obj
 0004:00001488       $pdata$6$?dragMouse@@YAXAEBV?$FunctionCallbackInfo@VValue@v8@@@Nan@@@Z 000000018002d488     robotjs.obj
 0004:00001494       $pdata$??0Utf8String@Nan@@QEAA@V?$Local@VValue@v8@@@v8@@@Z 000000018002d494     robotjs.obj
 0004:000014a0       $pdata$0$??0Utf8String@Nan@@QEAA@V?$Local@VValue@v8@@@v8@@@Z 000000018002d4a0     robotjs.obj
 0004:000014ac       $pdata$1$??0Utf8String@Nan@@QEAA@V?$Local@VValue@v8@@@v8@@@Z 000000018002d4ac     robotjs.obj
 0004:000014b8       $pdata$?FunctionCallbackWrapper@imp@Nan@@YAXAEBV?$FunctionCallbackInfo@VValue@v8@@@v8@@@Z 000000018002d4b8     robotjs.obj
 0004:000014c4       $pdata$smoothlyMoveMouse   000000018002d4c4     mouse.obj
 0004:000014d0       $pdata$win32KeyEvent       000000018002d4d0     keypress.obj
 0004:000014dc       $pdata$toggleKeyCode       000000018002d4dc     keypress.obj
 0004:000014e8       $pdata$typeString          000000018002d4e8     keypress.obj
 0004:000014f4       $pdata$3$typeString        000000018002d4f4     keypress.obj
 0004:00001500       $pdata$4$typeString        000000018002d500     keypress.obj
 0004:0000150c       $pdata$typeStringDelayed   000000018002d50c     keypress.obj
 0004:00001518       $pdata$3$typeStringDelayed 000000018002d518     keypress.obj
 0004:00001524       $pdata$4$typeStringDelayed 000000018002d524     keypress.obj
 0004:00001530       $pdata$copyMMBitmapFromDisplayInRect 000000018002d530     screengrab.obj
 0004:0000153c       $pdata$portable_vsnprintf  000000018002d53c     snprintf.obj
 0004:00001548       $pdata$sprintf             000000018002d548     snprintf.obj
 0004:00001554       $pdata$portable_snprintf   000000018002d554     snprintf.obj
 0004:00001560       $pdata$?load_exe_hook@@YAP6A_JXZIPEAUDelayLoadInfo@@@Z 000000018002d560     win_delay_load_hook.obj
 0005:00000000       MsetTab                    000000018002e000     libvcruntime:memset.obj
 0005:00000050       MoveSmall                  000000018002e050     libvcruntime:memcpy.obj
 0006:00000060       $R000000                   000000018002f060     * linker generated manifest res *

 Exports

  ordinal    name

        1    _register_robotjs_
